Archive member included to satisfy reference by file (symbol)

d:/stm/stm32cubeide_1.4.0/stm32cubeide/plugins/com.st.stm32cube.ide.mcu.externaltools.gnu-tools-for-stm32.7-2018-q2-update.win32_1.4.0.202007081208/tools/bin/../lib/gcc/arm-none-eabi/7.3.1/../../../../arm-none-eabi/lib/thumb/v7e-m/fpv4-sp/hard\libc_nano.a(lib_a-errno.o)
                              Application/User/syscalls.o (__errno)
d:/stm/stm32cubeide_1.4.0/stm32cubeide/plugins/com.st.stm32cube.ide.mcu.externaltools.gnu-tools-for-stm32.7-2018-q2-update.win32_1.4.0.202007081208/tools/bin/../lib/gcc/arm-none-eabi/7.3.1/../../../../arm-none-eabi/lib/thumb/v7e-m/fpv4-sp/hard\libc_nano.a(lib_a-exit.o)
                              d:/stm/stm32cubeide_1.4.0/stm32cubeide/plugins/com.st.stm32cube.ide.mcu.externaltools.gnu-tools-for-stm32.7-2018-q2-update.win32_1.4.0.202007081208/tools/bin/../lib/gcc/arm-none-eabi/7.3.1/../../../../arm-none-eabi/lib/thumb/v7e-m/fpv4-sp/hard/crt0.o (exit)
d:/stm/stm32cubeide_1.4.0/stm32cubeide/plugins/com.st.stm32cube.ide.mcu.externaltools.gnu-tools-for-stm32.7-2018-q2-update.win32_1.4.0.202007081208/tools/bin/../lib/gcc/arm-none-eabi/7.3.1/../../../../arm-none-eabi/lib/thumb/v7e-m/fpv4-sp/hard\libc_nano.a(lib_a-impure.o)
                              d:/stm/stm32cubeide_1.4.0/stm32cubeide/plugins/com.st.stm32cube.ide.mcu.externaltools.gnu-tools-for-stm32.7-2018-q2-update.win32_1.4.0.202007081208/tools/bin/../lib/gcc/arm-none-eabi/7.3.1/../../../../arm-none-eabi/lib/thumb/v7e-m/fpv4-sp/hard\libc_nano.a(lib_a-exit.o) (_global_impure_ptr)
d:/stm/stm32cubeide_1.4.0/stm32cubeide/plugins/com.st.stm32cube.ide.mcu.externaltools.gnu-tools-for-stm32.7-2018-q2-update.win32_1.4.0.202007081208/tools/bin/../lib/gcc/arm-none-eabi/7.3.1/../../../../arm-none-eabi/lib/thumb/v7e-m/fpv4-sp/hard\libc_nano.a(lib_a-init.o)
                              d:/stm/stm32cubeide_1.4.0/stm32cubeide/plugins/com.st.stm32cube.ide.mcu.externaltools.gnu-tools-for-stm32.7-2018-q2-update.win32_1.4.0.202007081208/tools/bin/../lib/gcc/arm-none-eabi/7.3.1/../../../../arm-none-eabi/lib/thumb/v7e-m/fpv4-sp/hard/crt0.o (__libc_init_array)
d:/stm/stm32cubeide_1.4.0/stm32cubeide/plugins/com.st.stm32cube.ide.mcu.externaltools.gnu-tools-for-stm32.7-2018-q2-update.win32_1.4.0.202007081208/tools/bin/../lib/gcc/arm-none-eabi/7.3.1/../../../../arm-none-eabi/lib/thumb/v7e-m/fpv4-sp/hard\libc_nano.a(lib_a-memcpy-stub.o)
                              MATLAB/coder_assumptions_data_stream.o (memcpy)
d:/stm/stm32cubeide_1.4.0/stm32cubeide/plugins/com.st.stm32cube.ide.mcu.externaltools.gnu-tools-for-stm32.7-2018-q2-update.win32_1.4.0.202007081208/tools/bin/../lib/gcc/arm-none-eabi/7.3.1/../../../../arm-none-eabi/lib/thumb/v7e-m/fpv4-sp/hard\libc_nano.a(lib_a-memset.o)
                              d:/stm/stm32cubeide_1.4.0/stm32cubeide/plugins/com.st.stm32cube.ide.mcu.externaltools.gnu-tools-for-stm32.7-2018-q2-update.win32_1.4.0.202007081208/tools/bin/../lib/gcc/arm-none-eabi/7.3.1/../../../../arm-none-eabi/lib/thumb/v7e-m/fpv4-sp/hard/crt0.o (memset)
d:/stm/stm32cubeide_1.4.0/stm32cubeide/plugins/com.st.stm32cube.ide.mcu.externaltools.gnu-tools-for-stm32.7-2018-q2-update.win32_1.4.0.202007081208/tools/bin/../lib/gcc/arm-none-eabi/7.3.1/../../../../arm-none-eabi/lib/thumb/v7e-m/fpv4-sp/hard\libm.a(lib_a-s_cos.o)
                              MATLAB/Model_for_PIL.o (cos)
d:/stm/stm32cubeide_1.4.0/stm32cubeide/plugins/com.st.stm32cube.ide.mcu.externaltools.gnu-tools-for-stm32.7-2018-q2-update.win32_1.4.0.202007081208/tools/bin/../lib/gcc/arm-none-eabi/7.3.1/../../../../arm-none-eabi/lib/thumb/v7e-m/fpv4-sp/hard\libm.a(lib_a-s_floor.o)
                              MATLAB/Model_for_PIL.o (floor)
d:/stm/stm32cubeide_1.4.0/stm32cubeide/plugins/com.st.stm32cube.ide.mcu.externaltools.gnu-tools-for-stm32.7-2018-q2-update.win32_1.4.0.202007081208/tools/bin/../lib/gcc/arm-none-eabi/7.3.1/../../../../arm-none-eabi/lib/thumb/v7e-m/fpv4-sp/hard\libm.a(lib_a-s_sin.o)
                              MATLAB/Model_for_PIL.o (sin)
d:/stm/stm32cubeide_1.4.0/stm32cubeide/plugins/com.st.stm32cube.ide.mcu.externaltools.gnu-tools-for-stm32.7-2018-q2-update.win32_1.4.0.202007081208/tools/bin/../lib/gcc/arm-none-eabi/7.3.1/../../../../arm-none-eabi/lib/thumb/v7e-m/fpv4-sp/hard\libm.a(lib_a-s_tan.o)
                              MATLAB/Model_for_PIL.o (tan)
d:/stm/stm32cubeide_1.4.0/stm32cubeide/plugins/com.st.stm32cube.ide.mcu.externaltools.gnu-tools-for-stm32.7-2018-q2-update.win32_1.4.0.202007081208/tools/bin/../lib/gcc/arm-none-eabi/7.3.1/../../../../arm-none-eabi/lib/thumb/v7e-m/fpv4-sp/hard\libm.a(lib_a-w_fmod.o)
                              MATLAB/Model_for_PIL.o (fmod)
d:/stm/stm32cubeide_1.4.0/stm32cubeide/plugins/com.st.stm32cube.ide.mcu.externaltools.gnu-tools-for-stm32.7-2018-q2-update.win32_1.4.0.202007081208/tools/bin/../lib/gcc/arm-none-eabi/7.3.1/../../../../arm-none-eabi/lib/thumb/v7e-m/fpv4-sp/hard\libm.a(lib_a-e_fmod.o)
[...]
Memory Configuration

Name             Origin             Length             Attributes
RAM              0x0000000020000000 0x0000000000010000 xrw
FLASH            0x0000000008000000 0x0000000000040000 xr
*default*        0x0000000000000000 0xffffffffffffffff

Linker script and memory map

LOAD d:/stm/stm32cubeide_1.4.0/stm32cubeide/plugins/com.st.stm32cube.ide.mcu.externaltools.gnu-tools-for-stm32.7-2018-q2-update.win32_1.4.0.202007081208/tools/bin/../lib/gcc/arm-none-eabi/7.3.1/thumb/v7e-m/fpv4-sp/hard/crti.o
LOAD d:/stm/stm32cubeide_1.4.0/stm32cubeide/plugins/com.st.stm32cube.ide.mcu.externaltools.gnu-tools-for-stm32.7-2018-q2-update.win32_1.4.0.202007081208/tools/bin/../lib/gcc/arm-none-eabi/7.3.1/thumb/v7e-m/fpv4-sp/hard/crtbegin.o
LOAD d:/stm/stm32cubeide_1.4.0/stm32cubeide/plugins/com.st.stm32cube.ide.mcu.externaltools.gnu-tools-for-stm32.7-2018-q2-update.win32_1.4.0.202007081208/tools/bin/../lib/gcc/arm-none-eabi/7.3.1/../../../../arm-none-eabi/lib/thumb/v7e-m/fpv4-sp/hard/crt0.o
LOAD Application/Startup/startup_stm32l433rctxp.o
LOAD Application/User/main.o
LOAD Application/User/stm32l4xx_hal_msp.o
LOAD Application/User/stm32l4xx_hal_timebase_tim.o
LOAD Application/User/stm32l4xx_it.o
LOAD Application/User/syscalls.o
LOAD Application/User/sysmem.o
LOAD Drivers/CMSIS/system_stm32l4xx.o
LOAD Drivers/STM32L4xx_HAL_Driver/stm32l4xx_hal.o
LOAD Drivers/STM32L4xx_HAL_Driver/stm32l4xx_hal_cortex.o
LOAD Drivers/STM32L4xx_HAL_Driver/stm32l4xx_hal_dma.o
LOAD Drivers/STM32L4xx_HAL_Driver/stm32l4xx_hal_dma_ex.o
LOAD Drivers/STM32L4xx_HAL_Driver/stm32l4xx_hal_exti.o
LOAD Drivers/STM32L4xx_HAL_Driver/stm32l4xx_hal_flash.o
LOAD Drivers/STM32L4xx_HAL_Driver/stm32l4xx_hal_flash_ex.o
LOAD Drivers/STM32L4xx_HAL_Driver/stm32l4xx_hal_flash_ramfunc.o
LOAD Drivers/STM32L4xx_HAL_Driver/stm32l4xx_hal_gpio.o
LOAD Drivers/STM32L4xx_HAL_Driver/stm32l4xx_hal_i2c.o
LOAD Drivers/STM32L4xx_HAL_Driver/stm32l4xx_hal_i2c_ex.o
LOAD Drivers/STM32L4xx_HAL_Driver/stm32l4xx_hal_pwr.o
LOAD Drivers/STM32L4xx_HAL_Driver/stm32l4xx_hal_pwr_ex.o
LOAD Drivers/STM32L4xx_HAL_Driver/stm32l4xx_hal_rcc.o
LOAD Drivers/STM32L4xx_HAL_Driver/stm32l4xx_hal_rcc_ex.o
LOAD Drivers/STM32L4xx_HAL_Driver/stm32l4xx_hal_tim.o
LOAD Drivers/STM32L4xx_HAL_Driver/stm32l4xx_hal_tim_ex.o
LOAD Drivers/STM32L4xx_HAL_Driver/stm32l4xx_hal_uart.o
LOAD Drivers/STM32L4xx_HAL_Driver/stm32l4xx_hal_uart_ex.o
LOAD MATLAB/Model_for_PIL.o
LOAD MATLAB/Model_for_PIL_ca.o
LOAD MATLAB/STM32SerialRtiostream-ProfilerTimer.o
LOAD MATLAB/STM32SerialRtiostream-Rtiostream.o
LOAD MATLAB/coder_assumptions_app.o
LOAD MATLAB/coder_assumptions_data_stream.o
LOAD MATLAB/coder_assumptions_flt.o
LOAD MATLAB/coder_assumptions_hwimpl.o
LOAD MATLAB/coder_assumptions_rtiostream.o
LOAD MATLAB/rtGetInf.o
LOAD MATLAB/rtGetNaN.o
LOAD MATLAB/rt_nonfinite.o
LOAD MATLAB/rtiostream_utils.o
LOAD MATLAB/xil_data_stream.o
LOAD MATLAB/xil_interface.o
LOAD MATLAB/xil_interface_lib.o
LOAD MATLAB/xil_rtiostream.o
LOAD MATLAB/xil_services.o
LOAD MATLAB/xilcomms_rtiostream.o
START GROUP
LOAD d:/stm/stm32cubeide_1.4.0/stm32cubeide/plugins/com.st.stm32cube.ide.mcu.externaltools.gnu-tools-for-stm32.7-2018-q2-update.win32_1.4.0.202007081208/tools/bin/../lib/gcc/arm-none-eabi/7.3.1/../../../../arm-none-eabi/lib/thumb/v7e-m/fpv4-sp/hard\libc_nano.a
LOAD d:/stm/stm32cubeide_1.4.0/stm32cubeide/plugins/com.st.stm32cube.ide.mcu.externaltools.gnu-tools-for-stm32.7-2018-q2-update.win32_1.4.0.202007081208/tools/bin/../lib/gcc/arm-none-eabi/7.3.1/../../../../arm-none-eabi/lib/thumb/v7e-m/fpv4-sp/hard\libm.a
END GROUP
START GROUP
LOAD d:/stm/stm32cubeide_1.4.0/stm32cubeide/plugins/com.st.stm32cube.ide.mcu.externaltools.gnu-tools-for-stm32.7-2018-q2-update.win32_1.4.0.202007081208/tools/bin/../lib/gcc/arm-none-eabi/7.3.1/thumb/v7e-m/fpv4-sp/hard\libgcc.a
LOAD d:/stm/stm32cubeide_1.4.0/stm32cubeide/plugins/com.st.stm32cube.ide.mcu.externaltools.gnu-tools-for-stm32.7-2018-q2-update.win32_1.4.0.202007081208/tools/bin/../lib/gcc/arm-none-eabi/7.3.1/../../../../arm-none-eabi/lib/thumb/v7e-m/fpv4-sp/hard\libc_nano.a
END GROUP
START GROUP
LOAD d:/stm/stm32cubeide_1.4.0/stm32cubeide/plugins/com.st.stm32cube.ide.mcu.externaltools.gnu-tools-for-stm32.7-2018-q2-update.win32_1.4.0.202007081208/tools/bin/../lib/gcc/arm-none-eabi/7.3.1/thumb/v7e-m/fpv4-sp/hard\libgcc.a
LOAD d:/stm/stm32cubeide_1.4.0/stm32cubeide/plugins/com.st.stm32cube.ide.mcu.externaltools.gnu-tools-for-stm32.7-2018-q2-update.win32_1.4.0.202007081208/tools/bin/../lib/gcc/arm-none-eabi/7.3.1/../../../../arm-none-eabi/lib/thumb/v7e-m/fpv4-sp/hard\libc_nano.a
LOAD d:/stm/stm32cubeide_1.4.0/stm32cubeide/plugins/com.st.stm32cube.ide.mcu.externaltools.gnu-tools-for-stm32.7-2018-q2-update.win32_1.4.0.202007081208/tools/bin/../lib/gcc/arm-none-eabi/7.3.1/../../../../arm-none-eabi/lib/thumb/v7e-m/fpv4-sp/hard\libnosys.a
END GROUP
START GROUP
LOAD d:/stm/stm32cubeide_1.4.0/stm32cubeide/plugins/com.st.stm32cube.ide.mcu.externaltools.gnu-tools-for-stm32.7-2018-q2-update.win32_1.4.0.202007081208/tools/bin/../lib/gcc/arm-none-eabi/7.3.1/thumb/v7e-m/fpv4-sp/hard\libgcc.a
LOAD d:/stm/stm32cubeide_1.4.0/stm32cubeide/plugins/com.st.stm32cube.ide.mcu.externaltools.gnu-tools-for-stm32.7-2018-q2-update.win32_1.4.0.202007081208/tools/bin/../lib/gcc/arm-none-eabi/7.3.1/../../../../arm-none-eabi/lib/thumb/v7e-m/fpv4-sp/hard\libc_nano.a
LOAD d:/stm/stm32cubeide_1.4.0/stm32cubeide/plugins/com.st.stm32cube.ide.mcu.externaltools.gnu-tools-for-stm32.7-2018-q2-update.win32_1.4.0.202007081208/tools/bin/../lib/gcc/arm-none-eabi/7.3.1/../../../../arm-none-eabi/lib/thumb/v7e-m/fpv4-sp/hard\libnosys.a
END GROUP
LOAD d:/stm/stm32cubeide_1.4.0/stm32cubeide/plugins/com.st.stm32cube.ide.mcu.externaltools.gnu-tools-for-stm32.7-2018-q2-update.win32_1.4.0.202007081208/tools/bin/../lib/gcc/arm-none-eabi/7.3.1/thumb/v7e-m/fpv4-sp/hard/crtend.o
LOAD d:/stm/stm32cubeide_1.4.0/stm32cubeide/plugins/com.st.stm32cube.ide.mcu.externaltools.gnu-tools-for-stm32.7-2018-q2-update.win32_1.4.0.202007081208/tools/bin/../lib/gcc/arm-none-eabi/7.3.1/thumb/v7e-m/fpv4-sp/hard/crtn.o
                0x0000000020010000                _estack = (ORIGIN (RAM) + LENGTH (RAM))
                0x0000000000000200                _Min_Heap_Size = 0x200
                0x0000000000000400                _Min_Stack_Size = 0x400

.isr_vector     0x0000000008000000      0x18c
                0x0000000008000000                . = ALIGN (0x4)
 *(.isr_vector)
 .isr_vector    0x0000000008000000      0x18c Application/Startup/startup_stm32l433rctxp.o
                0x0000000008000000                g_pfnVectors
                0x000000000800018c                . = ALIGN (0x4)

.text           0x0000000008000190     0x97d4
                0x0000000008000190                . = ALIGN (0x4)
 *(.text)
 .text          0x0000000008000190       0x40 d:/stm/stm32cubeide_1.4.0/stm32cubeide/plugins/com.st.stm32cube.ide.mcu.externaltools.gnu-tools-for-stm32.7-2018-q2-update.win32_1.4.0.202007081208/tools/bin/../lib/gcc/arm-none-eabi/7.3.1/thumb/v7e-m/fpv4-sp/hard/crtbegin.o
 .text          0x00000000080001d0      0x378 d:/stm/stm32cubeide_1.4.0/stm32cubeide/plugins/com.st.stm32cube.ide.mcu.externaltools.gnu-tools-for-stm32.7-2018-q2-update.win32_1.4.0.202007081208/tools/bin/../lib/gcc/arm-none-eabi/7.3.1/thumb/v7e-m/fpv4-sp/hard\libgcc.a(_arm_addsubdf3.o)
                0x00000000080001d0                __aeabi_drsub
                0x00000000080001d8                __aeabi_dsub
                0x00000000080001d8                __subdf3
                0x00000000080001dc                __aeabi_dadd
                0x00000000080001dc                __adddf3
                0x0000000008000454                __floatunsidf
                0x0000000008000454                __aeabi_ui2d
                0x0000000008000474                __floatsidf
                0x0000000008000474                __aeabi_i2d
                0x0000000008000498                __aeabi_f2d
                0x0000000008000498                __extendsfdf2
                0x00000000080004dc                __floatundidf
                0x00000000080004dc                __aeabi_ul2d
                0x00000000080004ec                __floatdidf
                0x00000000080004ec                __aeabi_l2d
 .text          0x0000000008000548      0x424 d:/stm/stm32cubeide_1.4.0/stm32cubeide/plugins/com.st.stm32cube.ide.mcu.externaltools.gnu-tools-for-stm32.7-2018-q2-update.win32_1.4.0.202007081208/tools/bin/../lib/gcc/arm-none-eabi/7.3.1/thumb/v7e-m/fpv4-sp/hard\libgcc.a(_arm_muldivdf3.o)
                0x0000000008000548                __aeabi_dmul
                0x0000000008000548                __muldf3
                0x000000000800079c                __divdf3
                0x000000000800079c                __aeabi_ddiv
 .text          0x000000000800096c      0x110 d:/stm/stm32cubeide_1.4.0/stm32cubeide/plugins/com.st.stm32cube.ide.mcu.externaltools.gnu-tools-for-stm32.7-2018-q2-update.win32_1.4.0.202007081208/tools/bin/../lib/gcc/arm-none-eabi/7.3.1/thumb/v7e-m/fpv4-sp/hard\libgcc.a(_arm_cmpdf2.o)
                0x000000000800096c                __gtdf2
                0x000000000800096c                __gedf2
                0x0000000008000974                __ltdf2
                0x0000000008000974                __ledf2
                0x000000000800097c                __nedf2
                0x000000000800097c                __eqdf2
                0x000000000800097c                __cmpdf2
                0x00000000080009f8                __aeabi_cdrcmple
                0x0000000008000a08                __aeabi_cdcmpeq
                0x0000000008000a08                __aeabi_cdcmple
                0x0000000008000a18                __aeabi_dcmpeq
                0x0000000008000a2c                __aeabi_dcmplt
                0x0000000008000a40                __aeabi_dcmple
                0x0000000008000a54                __aeabi_dcmpge
                0x0000000008000a68                __aeabi_dcmpgt
 .text          0x0000000008000a7c       0x2c d:/stm/stm32cubeide_1.4.0/stm32cubeide/plugins/com.st.stm32cube.ide.mcu.externaltools.gnu-tools-for-stm32.7-2018-q2-update.win32_1.4.0.202007081208/tools/bin/../lib/gcc/arm-none-eabi/7.3.1/thumb/v7e-m/fpv4-sp/hard\libgcc.a(_arm_unorddf2.o)
                0x0000000008000a7c                __unorddf2
                0x0000000008000a7c                __aeabi_dcmpun
 .text          0x0000000008000aa8       0x50 d:/stm/stm32cubeide_1.4.0/stm32cubeide/plugins/com.st.stm32cube.ide.mcu.externaltools.gnu-tools-for-stm32.7-2018-q2-update.win32_1.4.0.202007081208/tools/bin/../lib/gcc/arm-none-eabi/7.3.1/thumb/v7e-m/fpv4-sp/hard\libgcc.a(_arm_fixdfsi.o)
                0x0000000008000aa8                __aeabi_d2iz
                0x0000000008000aa8                __fixdfsi
 .text          0x0000000008000af8       0xa0 d:/stm/stm32cubeide_1.4.0/stm32cubeide/plugins/com.st.stm32cube.ide.mcu.externaltools.gnu-tools-for-stm32.7-2018-q2-update.win32_1.4.0.202007081208/tools/bin/../lib/gcc/arm-none-eabi/7.3.1/thumb/v7e-m/fpv4-sp/hard\libgcc.a(_arm_truncdfsf2.o)
                0x0000000008000af8                __truncdfsf2
                0x0000000008000af8                __aeabi_d2f
 .text          0x0000000008000b98       0x30 d:/stm/stm32cubeide_1.4.0/stm32cubeide/plugins/com.st.stm32cube.ide.mcu.externaltools.gnu-tools-for-stm32.7-2018-q2-update.win32_1.4.0.202007081208/tools/bin/../lib/gcc/arm-none-eabi/7.3.1/thumb/v7e-m/fpv4-sp/hard\libgcc.a(_aeabi_uldivmod.o)
                0x0000000008000b98                __aeabi_uldivmod
 .text          0x0000000008000bc8      0x2cc d:/stm/stm32cubeide_1.4.0/stm32cubeide/plugins/com.st.stm32cube.ide.mcu.externaltools.gnu-tools-for-stm32.7-2018-q2-update.win32_1.4.0.202007081208/tools/bin/../lib/gcc/arm-none-eabi/7.3.1/thumb/v7e-m/fpv4-sp/hard\libgcc.a(_udivmoddi4.o)
                0x0000000008000bc8                __udivmoddi4
 .text          0x0000000008000e94        0x4 d:/stm/stm32cubeide_1.4.0/stm32cubeide/plugins/com.st.stm32cube.ide.mcu.externaltools.gnu-tools-for-stm32.7-2018-q2-update.win32_1.4.0.202007081208/tools/bin/../lib/gcc/arm-none-eabi/7.3.1/thumb/v7e-m/fpv4-sp/hard\libgcc.a(_dvmd_tls.o)
                0x0000000008000e94                __aeabi_idiv0
                0x0000000008000e94                __aeabi_ldiv0
 *(.text*)
 .text.Reset_Handler
                0x0000000008000e98       0x50 Application/Startup/startup_stm32l433rctxp.o
                0x0000000008000e98                Reset_Handler
 .text.Default_Handler
                0x0000000008000ee8        0x2 Application/Startup/startup_stm32l433rctxp.o
                0x0000000008000ee8                RTC_Alarm_IRQHandler
                0x0000000008000ee8                EXTI2_IRQHandler
                0x0000000008000ee8                DebugMon_Handler
                0x0000000008000ee8                TIM1_CC_IRQHandler
                0x0000000008000ee8                TSC_IRQHandler
                0x0000000008000ee8                HardFault_Handler
                0x0000000008000ee8                TAMP_STAMP_IRQHandler
                0x0000000008000ee8                PendSV_Handler
                0x0000000008000ee8                NMI_Handler
                0x0000000008000ee8                EXTI3_IRQHandler
                0x0000000008000ee8                LPTIM2_IRQHandler
                0x0000000008000ee8                I2C3_ER_IRQHandler
                0x0000000008000ee8                EXTI0_IRQHandler
                0x0000000008000ee8                I2C2_EV_IRQHandler
                0x0000000008000ee8                CAN1_RX0_IRQHandler
                0x0000000008000ee8                FPU_IRQHandler
                0x0000000008000ee8                TIM1_UP_TIM16_IRQHandler
                0x0000000008000ee8                UsageFault_Handler
                0x0000000008000ee8                SPI1_IRQHandler
                0x0000000008000ee8                TIM6_DAC_IRQHandler
                0x0000000008000ee8                DMA2_Channel2_IRQHandler
                0x0000000008000ee8                DMA1_Channel4_IRQHandler
                0x0000000008000ee8                ADC1_IRQHandler
                0x0000000008000ee8                USART3_IRQHandler
                0x0000000008000ee8                DMA1_Channel7_IRQHandler
                0x0000000008000ee8                CAN1_RX1_IRQHandler
                0x0000000008000ee8                LCD_IRQHandler
                0x0000000008000ee8                DMA2_Channel1_IRQHandler
                0x0000000008000ee8                QUADSPI_IRQHandler
                0x0000000008000ee8                I2C1_EV_IRQHandler
                0x0000000008000ee8                DMA1_Channel6_IRQHandler
                0x0000000008000ee8                DMA2_Channel4_IRQHandler
                0x0000000008000ee8                RCC_IRQHandler
                0x0000000008000ee8                TIM1_TRG_COM_IRQHandler
                0x0000000008000ee8                DMA1_Channel1_IRQHandler
                0x0000000008000ee8                Default_Handler
                0x0000000008000ee8                DMA2_Channel7_IRQHandler
                0x0000000008000ee8                EXTI15_10_IRQHandler
                0x0000000008000ee8                TIM7_IRQHandler
                0x0000000008000ee8                SDMMC1_IRQHandler
                0x0000000008000ee8                I2C3_EV_IRQHandler
                0x0000000008000ee8                USB_IRQHandler
                0x0000000008000ee8                EXTI9_5_IRQHandler
                0x0000000008000ee8                RTC_WKUP_IRQHandler
                0x0000000008000ee8                PVD_PVM_IRQHandler
                0x0000000008000ee8                SPI2_IRQHandler
                0x0000000008000ee8                MemManage_Handler
                0x0000000008000ee8                CAN1_TX_IRQHandler
                0x0000000008000ee8                SVC_Handler
                0x0000000008000ee8                DMA2_Channel5_IRQHandler
                0x0000000008000ee8                CRS_IRQHandler
                0x0000000008000ee8                DMA1_Channel5_IRQHandler
                0x0000000008000ee8                EXTI4_IRQHandler
                0x0000000008000ee8                RNG_IRQHandler
                0x0000000008000ee8                DMA1_Channel3_IRQHandler
                0x0000000008000ee8                COMP_IRQHandler
                0x0000000008000ee8                WWDG_IRQHandler
                0x0000000008000ee8                LPUART1_IRQHandler
                0x0000000008000ee8                DMA2_Channel6_IRQHandler
                0x0000000008000ee8                EXTI1_IRQHandler
                0x0000000008000ee8                I2C2_ER_IRQHandler
                0x0000000008000ee8                DMA1_Channel2_IRQHandler
                0x0000000008000ee8                CAN1_SCE_IRQHandler
                0x0000000008000ee8                FLASH_IRQHandler
                0x0000000008000ee8                BusFault_Handler
                0x0000000008000ee8                USART1_IRQHandler
                0x0000000008000ee8                SPI3_IRQHandler
                0x0000000008000ee8                I2C1_ER_IRQHandler
                0x0000000008000ee8                SWPMI1_IRQHandler
                0x0000000008000ee8                LPTIM1_IRQHandler
                0x0000000008000ee8                SAI1_IRQHandler
                0x0000000008000ee8                DMA2_Channel3_IRQHandler
                0x0000000008000ee8                TIM1_BRK_TIM15_IRQHandler
 .text.main     0x0000000008000eea       0x9a Application/User/main.o
                0x0000000008000eea                main
 .text.SystemClock_Config
                0x0000000008000f84       0xe6 Application/User/main.o
                0x0000000008000f84                SystemClock_Config
 *fill*         0x000000000800106a        0x2 
 .text.MX_USART2_UART_Init
                0x000000000800106c       0x60 Application/User/main.o
 .text.MX_GPIO_Init
                0x00000000080010cc       0x30 Application/User/main.o
 .text.HAL_TIM_PeriodElapsedCallback
                0x00000000080010fc       0x1e Application/User/main.o
                0x00000000080010fc                HAL_TIM_PeriodElapsedCallback
 .text.Error_Handler
                0x000000000800111a        0x8 Application/User/main.o
                0x000000000800111a                Error_Handler
 *fill*         0x0000000008001122        0x2 
 .text.HAL_MspInit
                0x0000000008001124       0x48 Application/User/stm32l4xx_hal_msp.o
                0x0000000008001124                HAL_MspInit
 .text.HAL_UART_MspInit
                0x000000000800116c       0xb8 Application/User/stm32l4xx_hal_msp.o
                0x000000000800116c                HAL_UART_MspInit
 .text.HAL_InitTick
                0x0000000008001224       0xb0 Application/User/stm32l4xx_hal_timebase_tim.o
                0x0000000008001224                HAL_InitTick
 .text.SysTick_Handler
                0x00000000080012d4        0xe Application/User/stm32l4xx_it.o
                0x00000000080012d4                SysTick_Handler
 *fill*         0x00000000080012e2        0x2 
 .text.TIM2_IRQHandler
                0x00000000080012e4       0x14 Application/User/stm32l4xx_it.o
                0x00000000080012e4                TIM2_IRQHandler
 .text.USART2_IRQHandler
                0x00000000080012f8       0x14 Application/User/stm32l4xx_it.o
                0x00000000080012f8                USART2_IRQHandler
 .text.SystemInit
                0x000000000800130c       0x64 Drivers/CMSIS/system_stm32l4xx.o
                0x000000000800130c                SystemInit
 .text.HAL_Init
                0x0000000008001370       0x30 Drivers/STM32L4xx_HAL_Driver/stm32l4xx_hal.o
                0x0000000008001370                HAL_Init
 .text.HAL_IncTick
                0x00000000080013a0       0x28 Drivers/STM32L4xx_HAL_Driver/stm32l4xx_hal.o
                0x00000000080013a0                HAL_IncTick
 .text.HAL_GetTick
                0x00000000080013c8       0x18 Drivers/STM32L4xx_HAL_Driver/stm32l4xx_hal.o
                0x00000000080013c8                HAL_GetTick
 .text.__NVIC_SetPriorityGrouping
                0x00000000080013e0       0x48 Drivers/STM32L4xx_HAL_Driver/stm32l4xx_hal_cortex.o
 .text.__NVIC_GetPriorityGrouping
                0x0000000008001428       0x1c Drivers/STM32L4xx_HAL_Driver/stm32l4xx_hal_cortex.o
 .text.__NVIC_EnableIRQ
                0x0000000008001444       0x3c Drivers/STM32L4xx_HAL_Driver/stm32l4xx_hal_cortex.o
 .text.__NVIC_SetPriority
                0x0000000008001480       0x54 Drivers/STM32L4xx_HAL_Driver/stm32l4xx_hal_cortex.o
 .text.NVIC_EncodePriority
                0x00000000080014d4       0x66 Drivers/STM32L4xx_HAL_Driver/stm32l4xx_hal_cortex.o
 .text.HAL_NVIC_SetPriorityGrouping
                0x000000000800153a       0x16 Drivers/STM32L4xx_HAL_Driver/stm32l4xx_hal_cortex.o
                0x000000000800153a                HAL_NVIC_SetPriorityGrouping
 .text.HAL_NVIC_SetPriority
                0x0000000008001550       0x38 Drivers/STM32L4xx_HAL_Driver/stm32l4xx_hal_cortex.o
                0x0000000008001550                HAL_NVIC_SetPriority
 .text.HAL_NVIC_EnableIRQ
                0x0000000008001588       0x1c Drivers/STM32L4xx_HAL_Driver/stm32l4xx_hal_cortex.o
                0x0000000008001588                HAL_NVIC_EnableIRQ
 .text.HAL_DMA_Abort
                0x00000000080015a4       0x7c Drivers/STM32L4xx_HAL_Driver/stm32l4xx_hal_dma.o
                0x00000000080015a4                HAL_DMA_Abort
 .text.HAL_DMA_Abort_IT
                0x0000000008001620       0x82 Drivers/STM32L4xx_HAL_Driver/stm32l4xx_hal_dma.o
                0x0000000008001620                HAL_DMA_Abort_IT
 *fill*         0x00000000080016a2        0x2 
 .text.HAL_GPIO_Init
                0x00000000080016a4      0x2f4 Drivers/STM32L4xx_HAL_Driver/stm32l4xx_hal_gpio.o
                0x00000000080016a4                HAL_GPIO_Init
 .text.HAL_PWREx_GetVoltageRange
                0x0000000008001998       0x1c Drivers/STM32L4xx_HAL_Driver/stm32l4xx_hal_pwr_ex.o
                0x0000000008001998                HAL_PWREx_GetVoltageRange
 .text.HAL_PWREx_ControlVoltageScaling
                0x00000000080019b4       0xac Drivers/STM32L4xx_HAL_Driver/stm32l4xx_hal_pwr_ex.o
                0x00000000080019b4                HAL_PWREx_ControlVoltageScaling
 .text.HAL_RCC_OscConfig
                0x0000000008001a60      0x840 Drivers/STM32L4xx_HAL_Driver/stm32l4xx_hal_rcc.o
                0x0000000008001a60                HAL_RCC_OscConfig
 .text.HAL_RCC_ClockConfig
                0x00000000080022a0      0x1c4 Drivers/STM32L4xx_HAL_Driver/stm32l4xx_hal_rcc.o
                0x00000000080022a0                HAL_RCC_ClockConfig
 .text.HAL_RCC_GetSysClockFreq
                0x0000000008002464      0x114 Drivers/STM32L4xx_HAL_Driver/stm32l4xx_hal_rcc.o
                0x0000000008002464                HAL_RCC_GetSysClockFreq
 .text.HAL_RCC_GetHCLKFreq
                0x0000000008002578       0x18 Drivers/STM32L4xx_HAL_Driver/stm32l4xx_hal_rcc.o
                0x0000000008002578                HAL_RCC_GetHCLKFreq
 .text.HAL_RCC_GetPCLK1Freq
                0x0000000008002590       0x2c Drivers/STM32L4xx_HAL_Driver/stm32l4xx_hal_rcc.o
                0x0000000008002590                HAL_RCC_GetPCLK1Freq
 .text.HAL_RCC_GetPCLK2Freq
                0x00000000080025bc       0x2c Drivers/STM32L4xx_HAL_Driver/stm32l4xx_hal_rcc.o
                0x00000000080025bc                HAL_RCC_GetPCLK2Freq
 .text.HAL_RCC_GetClockConfig
                0x00000000080025e8       0x64 Drivers/STM32L4xx_HAL_Driver/stm32l4xx_hal_rcc.o
                0x00000000080025e8                HAL_RCC_GetClockConfig
 .text.RCC_SetFlashLatencyFromMSIRange
                0x000000000800264c       0xc0 Drivers/STM32L4xx_HAL_Driver/stm32l4xx_hal_rcc.o
 .text.HAL_RCCEx_PeriphCLKConfig
                0x000000000800270c      0x488 Drivers/STM32L4xx_HAL_Driver/stm32l4xx_hal_rcc_ex.o
                0x000000000800270c                HAL_RCCEx_PeriphCLKConfig
 .text.RCCEx_PLLSAI1_Config
                0x0000000008002b94      0x1e0 Drivers/STM32L4xx_HAL_Driver/stm32l4xx_hal_rcc_ex.o
 .text.HAL_TIM_Base_Init
                0x0000000008002d74       0xae Drivers/STM32L4xx_HAL_Driver/stm32l4xx_hal_tim.o
                0x0000000008002d74                HAL_TIM_Base_Init
 .text.HAL_TIM_Base_MspInit
                0x0000000008002e22       0x14 Drivers/STM32L4xx_HAL_Driver/stm32l4xx_hal_tim.o
                0x0000000008002e22                HAL_TIM_Base_MspInit
 *fill*         0x0000000008002e36        0x2 
 .text.HAL_TIM_Base_Start_IT
                0x0000000008002e38       0xa8 Drivers/STM32L4xx_HAL_Driver/stm32l4xx_hal_tim.o
                0x0000000008002e38                HAL_TIM_Base_Start_IT
 .text.HAL_TIM_IRQHandler
                0x0000000008002ee0      0x23e Drivers/STM32L4xx_HAL_Driver/stm32l4xx_hal_tim.o
                0x0000000008002ee0                HAL_TIM_IRQHandler
 .text.HAL_TIM_OC_DelayElapsedCallback
                0x000000000800311e       0x14 Drivers/STM32L4xx_HAL_Driver/stm32l4xx_hal_tim.o
                0x000000000800311e                HAL_TIM_OC_DelayElapsedCallback
 .text.HAL_TIM_IC_CaptureCallback
                0x0000000008003132       0x14 Drivers/STM32L4xx_HAL_Driver/stm32l4xx_hal_tim.o
                0x0000000008003132                HAL_TIM_IC_CaptureCallback
 .text.HAL_TIM_PWM_PulseFinishedCallback
                0x0000000008003146       0x14 Drivers/STM32L4xx_HAL_Driver/stm32l4xx_hal_tim.o
                0x0000000008003146                HAL_TIM_PWM_PulseFinishedCallback
 .text.HAL_TIM_TriggerCallback
                0x000000000800315a       0x14 Drivers/STM32L4xx_HAL_Driver/stm32l4xx_hal_tim.o
                0x000000000800315a                HAL_TIM_TriggerCallback
 *fill*         0x000000000800316e        0x2 
 .text.TIM_Base_SetConfig
                0x0000000008003170       0xc8 Drivers/STM32L4xx_HAL_Driver/stm32l4xx_hal_tim.o
                0x0000000008003170                TIM_Base_SetConfig
 .text.HAL_TIMEx_CommutCallback
                0x0000000008003238       0x14 Drivers/STM32L4xx_HAL_Driver/stm32l4xx_hal_tim_ex.o
                0x0000000008003238                HAL_TIMEx_CommutCallback
 .text.HAL_TIMEx_BreakCallback
                0x000000000800324c       0x14 Drivers/STM32L4xx_HAL_Driver/stm32l4xx_hal_tim_ex.o
                0x000000000800324c                HAL_TIMEx_BreakCallback
 .text.HAL_TIMEx_Break2Callback
                0x0000000008003260       0x14 Drivers/STM32L4xx_HAL_Driver/stm32l4xx_hal_tim_ex.o
                0x0000000008003260                HAL_TIMEx_Break2Callback
 .text.HAL_UART_Init
                0x0000000008003274       0x9c Drivers/STM32L4xx_HAL_Driver/stm32l4xx_hal_uart.o
                0x0000000008003274                HAL_UART_Init
 .text.HAL_UART_Transmit_IT
                0x0000000008003310       0xb8 Drivers/STM32L4xx_HAL_Driver/stm32l4xx_hal_uart.o
                0x0000000008003310                HAL_UART_Transmit_IT
 .text.HAL_UART_Receive_IT
                0x00000000080033c8       0x88 Drivers/STM32L4xx_HAL_Driver/stm32l4xx_hal_uart.o
                0x00000000080033c8                HAL_UART_Receive_IT
 .text.HAL_UART_IRQHandler
                0x0000000008003450      0x404 Drivers/STM32L4xx_HAL_Driver/stm32l4xx_hal_uart.o
                0x0000000008003450                HAL_UART_IRQHandler
 .text.HAL_UART_ErrorCallback
                0x0000000008003854       0x14 Drivers/STM32L4xx_HAL_Driver/stm32l4xx_hal_uart.o
                0x0000000008003854                HAL_UART_ErrorCallback
 .text.HAL_UARTEx_RxEventCallback
                0x0000000008003868       0x18 Drivers/STM32L4xx_HAL_Driver/stm32l4xx_hal_uart.o
                0x0000000008003868                HAL_UARTEx_RxEventCallback
 .text.UART_SetConfig
                0x0000000008003880      0x46c Drivers/STM32L4xx_HAL_Driver/stm32l4xx_hal_uart.o
                0x0000000008003880                UART_SetConfig
 .text.UART_AdvFeatureConfig
                0x0000000008003cec      0x144 Drivers/STM32L4xx_HAL_Driver/stm32l4xx_hal_uart.o
                0x0000000008003cec                UART_AdvFeatureConfig
 .text.UART_CheckIdleState
                0x0000000008003e30       0x92 Drivers/STM32L4xx_HAL_Driver/stm32l4xx_hal_uart.o
                0x0000000008003e30                UART_CheckIdleState
 .text.UART_WaitOnFlagUntilTimeout
                0x0000000008003ec2       0xf8 Drivers/STM32L4xx_HAL_Driver/stm32l4xx_hal_uart.o
                0x0000000008003ec2                UART_WaitOnFlagUntilTimeout
 *fill*         0x0000000008003fba        0x2 
 .text.UART_Start_Receive_IT
                0x0000000008003fbc      0x110 Drivers/STM32L4xx_HAL_Driver/stm32l4xx_hal_uart.o
                0x0000000008003fbc                UART_Start_Receive_IT
 .text.UART_EndRxTransfer
                0x00000000080040cc       0x5e Drivers/STM32L4xx_HAL_Driver/stm32l4xx_hal_uart.o
 .text.UART_DMAAbortOnError
                0x000000000800412a       0x2c Drivers/STM32L4xx_HAL_Driver/stm32l4xx_hal_uart.o
 .text.UART_TxISR_8BIT
                0x0000000008004156       0x74 Drivers/STM32L4xx_HAL_Driver/stm32l4xx_hal_uart.o
 .text.UART_TxISR_16BIT
                0x00000000080041ca       0x7c Drivers/STM32L4xx_HAL_Driver/stm32l4xx_hal_uart.o
 .text.UART_EndTransmit_IT
                0x0000000008004246       0x32 Drivers/STM32L4xx_HAL_Driver/stm32l4xx_hal_uart.o
 .text.UART_RxISR_8BIT
                0x0000000008004278       0xd8 Drivers/STM32L4xx_HAL_Driver/stm32l4xx_hal_uart.o
 .text.UART_RxISR_16BIT
                0x0000000008004350       0xd8 Drivers/STM32L4xx_HAL_Driver/stm32l4xx_hal_uart.o
 .text.HAL_UARTEx_WakeupCallback
                0x0000000008004428       0x14 Drivers/STM32L4xx_HAL_Driver/stm32l4xx_hal_uart_ex.o
                0x0000000008004428                HAL_UARTEx_WakeupCallback
 *fill*         0x000000000800443c        0x4 
 .text.Model_for_PIL
                0x0000000008004440     0x11c0 MATLAB/Model_for_PIL.o
                0x0000000008004440                Model_for_PIL
 .text.Model_for_PIL_initialize
                0x0000000008005600       0x1e MATLAB/Model_for_PIL.o
                0x0000000008005600                Model_for_PIL_initialize
 *fill*         0x000000000800561e        0x2 
 .text.Model_for_PIL_caRunTests
                0x0000000008005620       0x2c MATLAB/Model_for_PIL_ca.o
                0x0000000008005620                Model_for_PIL_caRunTests
 .text.profileTimerInit
                0x000000000800564c       0x2c MATLAB/STM32SerialRtiostream-ProfilerTimer.o
                0x000000000800564c                profileTimerInit
 .text.rtIOStreamOpen
                0x0000000008005678       0x18 MATLAB/STM32SerialRtiostream-Rtiostream.o
                0x0000000008005678                rtIOStreamOpen
 .text.rtIOStreamClose
                0x0000000008005690       0x16 MATLAB/STM32SerialRtiostream-Rtiostream.o
                0x0000000008005690                rtIOStreamClose
 *fill*         0x00000000080056a6        0x2 
 .text.rtIOStreamSend
                0x00000000080056a8       0x48 MATLAB/STM32SerialRtiostream-Rtiostream.o
                0x00000000080056a8                rtIOStreamSend
 .text.rtIOStreamRecv
                0x00000000080056f0       0x48 MATLAB/STM32SerialRtiostream-Rtiostream.o
                0x00000000080056f0                rtIOStreamRecv
 .text.HAL_UART_RxCpltCallback
                0x0000000008005738       0x20 MATLAB/STM32SerialRtiostream-Rtiostream.o
                0x0000000008005738                HAL_UART_RxCpltCallback
 .text.HAL_UART_TxCpltCallback
                0x0000000008005758       0x20 MATLAB/STM32SerialRtiostream-Rtiostream.o
                0x0000000008005758                HAL_UART_TxCpltCallback
 .text.sendResult
                0x0000000008005778       0xa8 MATLAB/coder_assumptions_app.o
 .text.transmitMemUnitBytes
                0x0000000008005820       0x3e MATLAB/coder_assumptions_app.o
 *fill*         0x000000000800585e        0x2 
 .text.sendPWS  0x0000000008005860       0xc8 MATLAB/coder_assumptions_app.o
 .text.sendHWImpl1
                0x0000000008005928      0x120 MATLAB/coder_assumptions_app.o
 .text.sendHWImpl2
                0x0000000008005a48      0x120 MATLAB/coder_assumptions_app.o
 .text.sendHWImpl3
                0x0000000008005b68       0xec MATLAB/coder_assumptions_app.o
 .text.sendHWImpl4
                0x0000000008005c54       0xec MATLAB/coder_assumptions_app.o
 .text.sendHardwareChecks
                0x0000000008005d40       0xf0 MATLAB/coder_assumptions_app.o
 .text.runChecks
                0x0000000008005e30       0xb6 MATLAB/coder_assumptions_app.o
 .text.coderAssumptionsRun
                0x0000000008005ee6       0x18 MATLAB/coder_assumptions_app.o
                0x0000000008005ee6                coderAssumptionsRun
 *fill*         0x0000000008005efe        0x2 
 .text.coderAssumptionsWriteData
                0x0000000008005f00       0x6c MATLAB/coder_assumptions_data_stream.o
                0x0000000008005f00                coderAssumptionsWriteData
 .text.resetCoderAssumptionsWriteBuffer
                0x0000000008005f6c       0x40 MATLAB/coder_assumptions_data_stream.o
                0x0000000008005f6c                resetCoderAssumptionsWriteBuffer
 .text.coderAssumptionsSendWriteBuffer
                0x0000000008005fac       0x40 MATLAB/coder_assumptions_data_stream.o
                0x0000000008005fac                coderAssumptionsSendWriteBuffer
 .text.coderAssumptionsInit
                0x0000000008005fec       0x20 MATLAB/coder_assumptions_data_stream.o
                0x0000000008005fec                coderAssumptionsInit
 .text.coderAssumptionsTerminate
                0x000000000800600c        0xc MATLAB/coder_assumptions_data_stream.o
                0x000000000800600c                coderAssumptionsTerminate
 .text.numBits  0x0000000008006018       0x38 MATLAB/coder_assumptions_hwimpl.o
 .text.getBitsPerMemUnit
                0x0000000008006050       0x20 MATLAB/coder_assumptions_hwimpl.o
 .text.getCPUInfo
                0x0000000008006070      0x234 MATLAB/coder_assumptions_hwimpl.o
 .text.testPass
                0x00000000080062a4       0x30 MATLAB/coder_assumptions_hwimpl.o
 .text.testFail
                0x00000000080062d4       0x30 MATLAB/coder_assumptions_hwimpl.o
 .text.testWarn
                0x0000000008006304       0x30 MATLAB/coder_assumptions_hwimpl.o
 .text.testSkip
                0x0000000008006334       0x30 MATLAB/coder_assumptions_hwimpl.o
 .text.testReview
                0x0000000008006364       0x30 MATLAB/coder_assumptions_hwimpl.o
 .text.runTest  0x0000000008006394       0x42 MATLAB/coder_assumptions_hwimpl.o
 .text.caVerifyPortableWordSizes
                0x00000000080063d6       0x58 MATLAB/coder_assumptions_hwimpl.o
                0x00000000080063d6                caVerifyPortableWordSizes
 *fill*         0x000000000800642e        0x2 
 .text.caVerifyHWImpl
                0x0000000008006430      0x464 MATLAB/coder_assumptions_hwimpl.o
                0x0000000008006430                caVerifyHWImpl
 .text.coderAssumpTgtAppSvcCreate
                0x0000000008006894       0x10 MATLAB/coder_assumptions_rtiostream.o
                0x0000000008006894                coderAssumpTgtAppSvcCreate
 .text.coderAssumpTgtAppSvcDestroy
                0x00000000080068a4        0xe MATLAB/coder_assumptions_rtiostream.o
                0x00000000080068a4                coderAssumpTgtAppSvcDestroy
 *fill*         0x00000000080068b2        0x2 
 .text.coderAssumpTgtAppSvcAllocBuffer
                0x00000000080068b4       0x24 MATLAB/coder_assumptions_rtiostream.o
                0x00000000080068b4                coderAssumpTgtAppSvcAllocBuffer
 .text.coderAssumpTgtAppSvcGetBufferDataPtr
                0x00000000080068d8       0x1c MATLAB/coder_assumptions_rtiostream.o
                0x00000000080068d8                coderAssumpTgtAppSvcGetBufferDataPtr
 .text.coderAssumpTgtAppSvcSend
                0x00000000080068f4       0x24 MATLAB/coder_assumptions_rtiostream.o
                0x00000000080068f4                coderAssumpTgtAppSvcSend
 .text.rtGetInf
                0x0000000008006918       0x60 MATLAB/rtGetInf.o
                0x0000000008006918                rtGetInf
 .text.rtGetInfF
                0x0000000008006978       0x20 MATLAB/rtGetInf.o
                0x0000000008006978                rtGetInfF
 .text.rtGetMinusInf
                0x0000000008006998       0x60 MATLAB/rtGetInf.o
                0x0000000008006998                rtGetMinusInf
 .text.rtGetMinusInfF
                0x00000000080069f8       0x24 MATLAB/rtGetInf.o
                0x00000000080069f8                rtGetMinusInfF
 .text.rtGetNaN
                0x0000000008006a1c       0x60 MATLAB/rtGetNaN.o
                0x0000000008006a1c                rtGetNaN
 .text.rtGetNaNF
                0x0000000008006a7c       0x28 MATLAB/rtGetNaN.o
                0x0000000008006a7c                rtGetNaNF
 .text.rt_InitInfAndNaN
                0x0000000008006aa4       0x88 MATLAB/rt_nonfinite.o
                0x0000000008006aa4                rt_InitInfAndNaN
 .text.rtIsInf  0x0000000008006b2c       0x50 MATLAB/rt_nonfinite.o
                0x0000000008006b2c                rtIsInf
 .text.rtIsNaN  0x0000000008006b7c       0x6c MATLAB/rt_nonfinite.o
                0x0000000008006b7c                rtIsNaN
 .text.rtIsNaNF
                0x0000000008006be8       0x38 MATLAB/rt_nonfinite.o
                0x0000000008006be8                rtIsNaNF
 .text.rtIOStreamBlockingSend
                0x0000000008006c20       0x64 MATLAB/rtiostream_utils.o
                0x0000000008006c20                rtIOStreamBlockingSend
 .text.rtIOStreamBlockingRecv
                0x0000000008006c84       0x64 MATLAB/rtiostream_utils.o
                0x0000000008006c84                rtIOStreamBlockingRecv
 .text.resetXILWriteBuffer
                0x0000000008006ce8       0x60 MATLAB/xil_data_stream.o
                0x0000000008006ce8                resetXILWriteBuffer
 .text.silpilInit
                0x0000000008006d48       0x20 MATLAB/xil_data_stream.o
                0x0000000008006d48                silpilInit
 .text.sendWriteBuffer
                0x0000000008006d68       0x44 MATLAB/xil_data_stream.o
 .text.xilWriteData
                0x0000000008006dac       0x9c MATLAB/xil_data_stream.o
                0x0000000008006dac                xilWriteData
 .text.xilReadData
                0x0000000008006e48       0xac MATLAB/xil_data_stream.o
                0x0000000008006e48                xilReadData
 .text.xilDataFlush
                0x0000000008006ef4       0x40 MATLAB/xil_data_stream.o
                0x0000000008006ef4                xilDataFlush
 .text.silpilTerminate
                0x0000000008006f34        0xc MATLAB/xil_data_stream.o
                0x0000000008006f34                silpilTerminate
 .text.xilProcessParams
                0x0000000008006f40       0x20 MATLAB/xil_interface.o
                0x0000000008006f40                xilProcessParams
 .text.xilGetDataTypeInfo
                0x0000000008006f60       0x5c MATLAB/xil_interface.o
                0x0000000008006f60                xilGetDataTypeInfo
 .text.xilInitialize
                0x0000000008006fbc       0xdc MATLAB/xil_interface.o
                0x0000000008006fbc                xilInitialize
 .text.xilPause
                0x0000000008007098       0x24 MATLAB/xil_interface.o
                0x0000000008007098                xilPause
 .text.xilSystemInitialize
                0x00000000080070bc       0x24 MATLAB/xil_interface.o
                0x00000000080070bc                xilSystemInitialize
 .text.xilSystemReset
                0x00000000080070e0       0x24 MATLAB/xil_interface.o
                0x00000000080070e0                xilSystemReset
 .text.xilGetHostToTargetData
                0x0000000008007104      0x204 MATLAB/xil_interface.o
                0x0000000008007104                xilGetHostToTargetData
 .text.xilOutput
                0x0000000008007308       0x98 MATLAB/xil_interface.o
                0x0000000008007308                xilOutput
 .text.xilUpdate
                0x00000000080073a0       0x22 MATLAB/xil_interface.o
                0x00000000080073a0                xilUpdate
 *fill*         0x00000000080073c2        0x2 
 .text.xilGetTargetToHostData
                0x00000000080073c4      0x18c MATLAB/xil_interface.o
                0x00000000080073c4                xilGetTargetToHostData
 .text.xilTerminate
                0x0000000008007550       0x20 MATLAB/xil_interface.o
                0x0000000008007550                xilTerminate
 .text.xilEnable
                0x0000000008007570       0x22 MATLAB/xil_interface.o
                0x0000000008007570                xilEnable
 .text.xilDisable
                0x0000000008007592       0x22 MATLAB/xil_interface.o
                0x0000000008007592                xilDisable
 .text.getNextXILIOData
                0x00000000080075b4       0x28 MATLAB/xil_interface_lib.o
 .text.processHostToTargetData
                0x00000000080075dc       0xa4 MATLAB/xil_interface_lib.o
 .text.processTargetToHostData
                0x0000000008007680       0xa4 MATLAB/xil_interface_lib.o
 .text.finalizeCommandResponse
                0x0000000008007724       0x66 MATLAB/xil_interface_lib.o
 *fill*         0x000000000800778a        0x2 
 .text.computeNextState
                0x000000000800778c      0x200 MATLAB/xil_interface_lib.o
 .text.xilReadCommandCode
                0x000000000800798c       0x88 MATLAB/xil_interface_lib.o
 .text.xilProcessMsg
                0x0000000008007a14      0x494 MATLAB/xil_interface_lib.o
                0x0000000008007a14                xilProcessMsg
 .text.commsRun
                0x0000000008007ea8       0x18 MATLAB/xil_interface_lib.o
                0x0000000008007ea8                commsRun
 .text.xilRun   0x0000000008007ec0       0x58 MATLAB/xil_interface_lib.o
                0x0000000008007ec0                xilRun
 .text.xilTgtAppSvcCreate
                0x0000000008007f18       0x10 MATLAB/xil_rtiostream.o
                0x0000000008007f18                xilTgtAppSvcCreate
 .text.xilTgtAppSvcDestroy
                0x0000000008007f28        0xe MATLAB/xil_rtiostream.o
                0x0000000008007f28                xilTgtAppSvcDestroy
 *fill*         0x0000000008007f36        0x2 
 .text.xilTgtAppSvcAllocBuffer
                0x0000000008007f38       0x24 MATLAB/xil_rtiostream.o
                0x0000000008007f38                xilTgtAppSvcAllocBuffer
 .text.xilTgtAppSvcGetBufferDataPtr
                0x0000000008007f5c       0x1c MATLAB/xil_rtiostream.o
                0x0000000008007f5c                xilTgtAppSvcGetBufferDataPtr
 .text.xilTgtAppSvcSend
                0x0000000008007f78       0x24 MATLAB/xil_rtiostream.o
                0x0000000008007f78                xilTgtAppSvcSend
 .text.xilInit  0x0000000008007f9c       0x44 MATLAB/xil_services.o
                0x0000000008007f9c                xilInit
 .text.xilTerminateComms
                0x0000000008007fe0       0x16 MATLAB/xil_services.o
                0x0000000008007fe0                xilTerminateComms
 *fill*         0x0000000008007ff6        0x2 
 .text.commsInit
                0x0000000008007ff8       0x34 MATLAB/xilcomms_rtiostream.o
                0x0000000008007ff8                commsInit
 .text.commsTerminate
                0x000000000800802c       0x24 MATLAB/xilcomms_rtiostream.o
                0x000000000800802c                commsTerminate
 .text.commsEnqueueBuffer
                0x0000000008008050       0x68 MATLAB/xilcomms_rtiostream.o
                0x0000000008008050                commsEnqueueBuffer
 .text.rtiostreamReadMessage
                0x00000000080080b8       0x7c MATLAB/xilcomms_rtiostream.o
                0x00000000080080b8                rtiostreamReadMessage
 .text.__errno  0x0000000008008134        0xc d:/stm/stm32cubeide_1.4.0/stm32cubeide/plugins/com.st.stm32cube.ide.mcu.externaltools.gnu-tools-for-stm32.7-2018-q2-update.win32_1.4.0.202007081208/tools/bin/../lib/gcc/arm-none-eabi/7.3.1/../../../../arm-none-eabi/lib/thumb/v7e-m/fpv4-sp/hard\libc_nano.a(lib_a-errno.o)
                0x0000000008008134                __errno
 .text.__libc_init_array
                0x0000000008008140       0x48 d:/stm/stm32cubeide_1.4.0/stm32cubeide/plugins/com.st.stm32cube.ide.mcu.externaltools.gnu-tools-for-stm32.7-2018-q2-update.win32_1.4.0.202007081208/tools/bin/../lib/gcc/arm-none-eabi/7.3.1/../../../../arm-none-eabi/lib/thumb/v7e-m/fpv4-sp/hard\libc_nano.a(lib_a-init.o)
                0x0000000008008140                __libc_init_array
 .text.memcpy   0x0000000008008188       0x16 d:/stm/stm32cubeide_1.4.0/stm32cubeide/plugins/com.st.stm32cube.ide.mcu.externaltools.gnu-tools-for-stm32.7-2018-q2-update.win32_1.4.0.202007081208/tools/bin/../lib/gcc/arm-none-eabi/7.3.1/../../../../arm-none-eabi/lib/thumb/v7e-m/fpv4-sp/hard\libc_nano.a(lib_a-memcpy-stub.o)
                0x0000000008008188                memcpy
 .text.memset   0x000000000800819e       0x10 d:/stm/stm32cubeide_1.4.0/stm32cubeide/plugins/com.st.stm32cube.ide.mcu.externaltools.gnu-tools-for-stm32.7-2018-q2-update.win32_1.4.0.202007081208/tools/bin/../lib/gcc/arm-none-eabi/7.3.1/../../../../arm-none-eabi/lib/thumb/v7e-m/fpv4-sp/hard\libc_nano.a(lib_a-memset.o)
                0x000000000800819e                memset
 *fill*         0x00000000080081ae        0x2 
 .text.cos      0x00000000080081b0       0x88 d:/stm/stm32cubeide_1.4.0/stm32cubeide/plugins/com.st.stm32cube.ide.mcu.externaltools.gnu-tools-for-stm32.7-2018-q2-update.win32_1.4.0.202007081208/tools/bin/../lib/gcc/arm-none-eabi/7.3.1/../../../../arm-none-eabi/lib/thumb/v7e-m/fpv4-sp/hard\libm.a(lib_a-s_cos.o)
                0x00000000080081b0                cos
 .text.floor    0x0000000008008238      0x108 d:/stm/stm32cubeide_1.4.0/stm32cubeide/plugins/com.st.stm32cube.ide.mcu.externaltools.gnu-tools-for-stm32.7-2018-q2-update.win32_1.4.0.202007081208/tools/bin/../lib/gcc/arm-none-eabi/7.3.1/../../../../arm-none-eabi/lib/thumb/v7e-m/fpv4-sp/hard\libm.a(lib_a-s_floor.o)
                0x0000000008008238                floor
 .text.sin      0x0000000008008340       0x90 d:/stm/stm32cubeide_1.4.0/stm32cubeide/plugins/com.st.stm32cube.ide.mcu.externaltools.gnu-tools-for-stm32.7-2018-q2-update.win32_1.4.0.202007081208/tools/bin/../lib/gcc/arm-none-eabi/7.3.1/../../../../arm-none-eabi/lib/thumb/v7e-m/fpv4-sp/hard\libm.a(lib_a-s_sin.o)
                0x0000000008008340                sin
 .text.tan      0x00000000080083d0       0x60 d:/stm/stm32cubeide_1.4.0/stm32cubeide/plugins/com.st.stm32cube.ide.mcu.externaltools.gnu-tools-for-stm32.7-2018-q2-update.win32_1.4.0.202007081208/tools/bin/../lib/gcc/arm-none-eabi/7.3.1/../../../../arm-none-eabi/lib/thumb/v7e-m/fpv4-sp/hard\libm.a(lib_a-s_tan.o)
                0x00000000080083d0                tan
 .text.fmod     0x0000000008008430       0xc8 d:/stm/stm32cubeide_1.4.0/stm32cubeide/plugins/com.st.stm32cube.ide.mcu.externaltools.gnu-tools-for-stm32.7-2018-q2-update.win32_1.4.0.202007081208/tools/bin/../lib/gcc/arm-none-eabi/7.3.1/../../../../arm-none-eabi/lib/thumb/v7e-m/fpv4-sp/hard\libm.a(lib_a-w_fmod.o)
                0x0000000008008430                fmod
 .text.__ieee754_fmod
                0x00000000080084f8      0x224 d:/stm/stm32cubeide_1.4.0/stm32cubeide/plugins/com.st.stm32cube.ide.mcu.externaltools.gnu-tools-for-stm32.7-2018-q2-update.win32_1.4.0.202007081208/tools/bin/../lib/gcc/arm-none-eabi/7.3.1/../../../../arm-none-eabi/lib/thumb/v7e-m/fpv4-sp/hard\libm.a(lib_a-e_fmod.o)
                0x00000000080084f8                __ieee754_fmod
 *fill*         0x000000000800871c        0x4 
 .text.__ieee754_rem_pio2
                0x0000000008008720      0x3e4 d:/stm/stm32cubeide_1.4.0/stm32cubeide/plugins/com.st.stm32cube.ide.mcu.externaltools.gnu-tools-for-stm32.7-2018-q2-update.win32_1.4.0.202007081208/tools/bin/../lib/gcc/arm-none-eabi/7.3.1/../../../../arm-none-eabi/lib/thumb/v7e-m/fpv4-sp/hard\libm.a(lib_a-e_rem_pio2.o)
                0x0000000008008720                __ieee754_rem_pio2
 *fill*         0x0000000008008b04        0x4 
 .text.__kernel_cos
                0x0000000008008b08      0x18c d:/stm/stm32cubeide_1.4.0/stm32cubeide/plugins/com.st.stm32cube.ide.mcu.externaltools.gnu-tools-for-stm32.7-2018-q2-update.win32_1.4.0.202007081208/tools/bin/../lib/gcc/arm-none-eabi/7.3.1/../../../../arm-none-eabi/lib/thumb/v7e-m/fpv4-sp/hard\libm.a(lib_a-k_cos.o)
                0x0000000008008b08                __kernel_cos
 *fill*         0x0000000008008c94        0x4 
 .text.__kernel_rem_pio2
                0x0000000008008c98      0x680 d:/stm/stm32cubeide_1.4.0/stm32cubeide/plugins/com.st.stm32cube.ide.mcu.externaltools.gnu-tools-for-stm32.7-2018-q2-update.win32_1.4.0.202007081208/tools/bin/../lib/gcc/arm-none-eabi/7.3.1/../../../../arm-none-eabi/lib/thumb/v7e-m/fpv4-sp/hard\libm.a(lib_a-k_rem_pio2.o)
                0x0000000008008c98                __kernel_rem_pio2
 .text.__kernel_sin
                0x0000000008009318      0x174 d:/stm/stm32cubeide_1.4.0/stm32cubeide/plugins/com.st.stm32cube.ide.mcu.externaltools.gnu-tools-for-stm32.7-2018-q2-update.win32_1.4.0.202007081208/tools/bin/../lib/gcc/arm-none-eabi/7.3.1/../../../../arm-none-eabi/lib/thumb/v7e-m/fpv4-sp/hard\libm.a(lib_a-k_sin.o)
                0x0000000008009318                __kernel_sin
 *fill*         0x000000000800948c        0x4 
 .text.__kernel_tan
                0x0000000008009490      0x398 d:/stm/stm32cubeide_1.4.0/stm32cubeide/plugins/com.st.stm32cube.ide.mcu.externaltools.gnu-tools-for-stm32.7-2018-q2-update.win32_1.4.0.202007081208/tools/bin/../lib/gcc/arm-none-eabi/7.3.1/../../../../arm-none-eabi/lib/thumb/v7e-m/fpv4-sp/hard\libm.a(lib_a-k_tan.o)
                0x0000000008009490                __kernel_tan
 .text.fabs     0x0000000008009828       0x12 d:/stm/stm32cubeide_1.4.0/stm32cubeide/plugins/com.st.stm32cube.ide.mcu.externaltools.gnu-tools-for-stm32.7-2018-q2-update.win32_1.4.0.202007081208/tools/bin/../lib/gcc/arm-none-eabi/7.3.1/../../../../arm-none-eabi/lib/thumb/v7e-m/fpv4-sp/hard\libm.a(lib_a-s_fabs.o)
                0x0000000008009828                fabs
 .text.matherr  0x000000000800983a        0x4 d:/stm/stm32cubeide_1.4.0/stm32cubeide/plugins/com.st.stm32cube.ide.mcu.externaltools.gnu-tools-for-stm32.7-2018-q2-update.win32_1.4.0.202007081208/tools/bin/../lib/gcc/arm-none-eabi/7.3.1/../../../../arm-none-eabi/lib/thumb/v7e-m/fpv4-sp/hard\libm.a(lib_a-s_matherr.o)
                0x000000000800983a                matherr
 *fill*         0x000000000800983e        0x2 
 .text.scalbn   0x0000000008009840       0xec d:/stm/stm32cubeide_1.4.0/stm32cubeide/plugins/com.st.stm32cube.ide.mcu.externaltools.gnu-tools-for-stm32.7-2018-q2-update.win32_1.4.0.202007081208/tools/bin/../lib/gcc/arm-none-eabi/7.3.1/../../../../arm-none-eabi/lib/thumb/v7e-m/fpv4-sp/hard\libm.a(lib_a-s_scalbn.o)
                0x0000000008009840                scalbn
 .text.copysign
                0x000000000800992c       0x1e d:/stm/stm32cubeide_1.4.0/stm32cubeide/plugins/com.st.stm32cube.ide.mcu.externaltools.gnu-tools-for-stm32.7-2018-q2-update.win32_1.4.0.202007081208/tools/bin/../lib/gcc/arm-none-eabi/7.3.1/../../../../arm-none-eabi/lib/thumb/v7e-m/fpv4-sp/hard\libm.a(lib_a-s_copysign.o)
                0x000000000800992c                copysign
 *(.glue_7)
 .glue_7        0x000000000800994a        0x0 linker stubs
 *(.glue_7t)
 .glue_7t       0x000000000800994a        0x0 linker stubs
 *(.eh_frame)
 *fill*         0x000000000800994a        0x2 
 .eh_frame      0x000000000800994c        0x0 d:/stm/stm32cubeide_1.4.0/stm32cubeide/plugins/com.st.stm32cube.ide.mcu.externaltools.gnu-tools-for-stm32.7-2018-q2-update.win32_1.4.0.202007081208/tools/bin/../lib/gcc/arm-none-eabi/7.3.1/thumb/v7e-m/fpv4-sp/hard/crtbegin.o
 *(.init)
 .init          0x000000000800994c        0x4 d:/stm/stm32cubeide_1.4.0/stm32cubeide/plugins/com.st.stm32cube.ide.mcu.externaltools.gnu-tools-for-stm32.7-2018-q2-update.win32_1.4.0.202007081208/tools/bin/../lib/gcc/arm-none-eabi/7.3.1/thumb/v7e-m/fpv4-sp/hard/crti.o
                0x000000000800994c                _init
 .init          0x0000000008009950        0x8 d:/stm/stm32cubeide_1.4.0/stm32cubeide/plugins/com.st.stm32cube.ide.mcu.externaltools.gnu-tools-for-stm32.7-2018-q2-update.win32_1.4.0.202007081208/tools/bin/../lib/gcc/arm-none-eabi/7.3.1/thumb/v7e-m/fpv4-sp/hard/crtn.o
 *(.fini)
 .fini          0x0000000008009958        0x4 d:/stm/stm32cubeide_1.4.0/stm32cubeide/plugins/com.st.stm32cube.ide.mcu.externaltools.gnu-tools-for-stm32.7-2018-q2-update.win32_1.4.0.202007081208/tools/bin/../lib/gcc/arm-none-eabi/7.3.1/thumb/v7e-m/fpv4-sp/hard/crti.o
                0x0000000008009958                _fini
 .fini          0x000000000800995c        0x8 d:/stm/stm32cubeide_1.4.0/stm32cubeide/plugins/com.st.stm32cube.ide.mcu.externaltools.gnu-tools-for-stm32.7-2018-q2-update.win32_1.4.0.202007081208/tools/bin/../lib/gcc/arm-none-eabi/7.3.1/thumb/v7e-m/fpv4-sp/hard/crtn.o
                0x0000000008009964                . = ALIGN (0x4)
                0x0000000008009964                _etext = .

.vfp11_veneer   0x0000000008009964        0x0
 .vfp11_veneer  0x0000000008009964        0x0 linker stubs

.v4_bx          0x0000000008009964        0x0
 .v4_bx         0x0000000008009964        0x0 linker stubs

.iplt           0x0000000008009964        0x0
 .iplt          0x0000000008009964        0x0 d:/stm/stm32cubeide_1.4.0/stm32cubeide/plugins/com.st.stm32cube.ide.mcu.externaltools.gnu-tools-for-stm32.7-2018-q2-update.win32_1.4.0.202007081208/tools/bin/../lib/gcc/arm-none-eabi/7.3.1/thumb/v7e-m/fpv4-sp/hard/crtbegin.o

.rodata         0x0000000008009968      0x290
                0x0000000008009968                . = ALIGN (0x4)
 *(.rodata)
 .rodata        0x0000000008009968        0xd MATLAB/Model_for_PIL_ca.o
 *(.rodata*)
 *fill*         0x0000000008009975        0x3 
 .rodata.AHBPrescTable
                0x0000000008009978       0x10 Drivers/CMSIS/system_stm32l4xx.o
                0x0000000008009978                AHBPrescTable
 .rodata.APBPrescTable
                0x0000000008009988        0x8 Drivers/CMSIS/system_stm32l4xx.o
                0x0000000008009988                APBPrescTable
 .rodata.MSIRangeTable
                0x0000000008009990       0x30 Drivers/CMSIS/system_stm32l4xx.o
                0x0000000008009990                MSIRangeTable
 .rodata.CA_Model_for_PIL_ExpHW
                0x00000000080099c0       0x48 MATLAB/Model_for_PIL_ca.o
                0x00000000080099c0                CA_Model_for_PIL_ExpHW
 .rodata.fmod.str1.1
                0x0000000008009a08        0x5 d:/stm/stm32cubeide_1.4.0/stm32cubeide/plugins/com.st.stm32cube.ide.mcu.externaltools.gnu-tools-for-stm32.7-2018-q2-update.win32_1.4.0.202007081208/tools/bin/../lib/gcc/arm-none-eabi/7.3.1/../../../../arm-none-eabi/lib/thumb/v7e-m/fpv4-sp/hard\libm.a(lib_a-w_fmod.o)
 *fill*         0x0000000008009a0d        0x3 
 .rodata.Zero   0x0000000008009a10       0x10 d:/stm/stm32cubeide_1.4.0/stm32cubeide/plugins/com.st.stm32cube.ide.mcu.externaltools.gnu-tools-for-stm32.7-2018-q2-update.win32_1.4.0.202007081208/tools/bin/../lib/gcc/arm-none-eabi/7.3.1/../../../../arm-none-eabi/lib/thumb/v7e-m/fpv4-sp/hard\libm.a(lib_a-e_fmod.o)
 .rodata.npio2_hw
                0x0000000008009a20       0x80 d:/stm/stm32cubeide_1.4.0/stm32cubeide/plugins/com.st.stm32cube.ide.mcu.externaltools.gnu-tools-for-stm32.7-2018-q2-update.win32_1.4.0.202007081208/tools/bin/../lib/gcc/arm-none-eabi/7.3.1/../../../../arm-none-eabi/lib/thumb/v7e-m/fpv4-sp/hard\libm.a(lib_a-e_rem_pio2.o)
 .rodata.two_over_pi
                0x0000000008009aa0      0x108 d:/stm/stm32cubeide_1.4.0/stm32cubeide/plugins/com.st.stm32cube.ide.mcu.externaltools.gnu-tools-for-stm32.7-2018-q2-update.win32_1.4.0.202007081208/tools/bin/../lib/gcc/arm-none-eabi/7.3.1/../../../../arm-none-eabi/lib/thumb/v7e-m/fpv4-sp/hard\libm.a(lib_a-e_rem_pio2.o)
 .rodata.PIo2   0x0000000008009ba8       0x40 d:/stm/stm32cubeide_1.4.0/stm32cubeide/plugins/com.st.stm32cube.ide.mcu.externaltools.gnu-tools-for-stm32.7-2018-q2-update.win32_1.4.0.202007081208/tools/bin/../lib/gcc/arm-none-eabi/7.3.1/../../../../arm-none-eabi/lib/thumb/v7e-m/fpv4-sp/hard\libm.a(lib_a-k_rem_pio2.o)
 .rodata.init_jk
                0x0000000008009be8       0x10 d:/stm/stm32cubeide_1.4.0/stm32cubeide/plugins/com.st.stm32cube.ide.mcu.externaltools.gnu-tools-for-stm32.7-2018-q2-update.win32_1.4.0.202007081208/tools/bin/../lib/gcc/arm-none-eabi/7.3.1/../../../../arm-none-eabi/lib/thumb/v7e-m/fpv4-sp/hard\libm.a(lib_a-k_rem_pio2.o)
                0x0000000008009bf8                . = ALIGN (0x4)

.ARM.extab      0x0000000008009bf8        0x0
                0x0000000008009bf8                . = ALIGN (0x4)
 *(.ARM.extab* .gnu.linkonce.armextab.*)
                0x0000000008009bf8                . = ALIGN (0x4)

.ARM            0x0000000008009bf8        0x8
                0x0000000008009bf8                . = ALIGN (0x4)
                0x0000000008009bf8                __exidx_start = .
 *(.ARM.exidx*)
 .ARM.exidx     0x0000000008009bf8        0x8 d:/stm/stm32cubeide_1.4.0/stm32cubeide/plugins/com.st.stm32cube.ide.mcu.externaltools.gnu-tools-for-stm32.7-2018-q2-update.win32_1.4.0.202007081208/tools/bin/../lib/gcc/arm-none-eabi/7.3.1/thumb/v7e-m/fpv4-sp/hard\libgcc.a(_udivmoddi4.o)
                0x0000000008009c00                __exidx_end = .
                0x0000000008009c00                . = ALIGN (0x4)

.rel.dyn        0x0000000008009c00        0x0
 .rel.iplt      0x0000000008009c00        0x0 d:/stm/stm32cubeide_1.4.0/stm32cubeide/plugins/com.st.stm32cube.ide.mcu.externaltools.gnu-tools-for-stm32.7-2018-q2-update.win32_1.4.0.202007081208/tools/bin/../lib/gcc/arm-none-eabi/7.3.1/thumb/v7e-m/fpv4-sp/hard/crtbegin.o

.preinit_array  0x0000000008009c00        0x0
                0x0000000008009c00                . = ALIGN (0x4)
                0x0000000008009c00                PROVIDE (__preinit_array_start = .)
 *(.preinit_array*)
                0x0000000008009c00                PROVIDE (__preinit_array_end = .)
                0x0000000008009c00                . = ALIGN (0x4)

.init_array     0x0000000008009c00        0x4
                0x0000000008009c00                . = ALIGN (0x4)
                0x0000000008009c00                PROVIDE (__init_array_start = .)
 *(SORT_BY_NAME(.init_array.*))
 *(.init_array*)
 .init_array    0x0000000008009c00        0x4 d:/stm/stm32cubeide_1.4.0/stm32cubeide/plugins/com.st.stm32cube.ide.mcu.externaltools.gnu-tools-for-stm32.7-2018-q2-update.win32_1.4.0.202007081208/tools/bin/../lib/gcc/arm-none-eabi/7.3.1/thumb/v7e-m/fpv4-sp/hard/crtbegin.o
                0x0000000008009c04                PROVIDE (__init_array_end = .)
                0x0000000008009c04                . = ALIGN (0x4)

.fini_array     0x0000000008009c04        0x4
                0x0000000008009c04                . = ALIGN (0x4)
                [!provide]                        PROVIDE (__fini_array_start = .)
 *(SORT_BY_NAME(.fini_array.*))
 *(.fini_array*)
 .fini_array    0x0000000008009c04        0x4 d:/stm/stm32cubeide_1.4.0/stm32cubeide/plugins/com.st.stm32cube.ide.mcu.externaltools.gnu-tools-for-stm32.7-2018-q2-update.win32_1.4.0.202007081208/tools/bin/../lib/gcc/arm-none-eabi/7.3.1/thumb/v7e-m/fpv4-sp/hard/crtbegin.o
                [!provide]                        PROVIDE (__fini_array_end = .)
                0x0000000008009c08                . = ALIGN (0x4)
                0x0000000008009c08                _sidata = LOADADDR (.data)

.data           0x0000000020000000       0x94 load address 0x0000000008009c08
                0x0000000020000000                . = ALIGN (0x4)
                0x0000000020000000                _sdata = .
 *(.data)
 *(.data*)
 .data.SystemCoreClock
                0x0000000020000000        0x4 Drivers/CMSIS/system_stm32l4xx.o
                0x0000000020000000                SystemCoreClock
 .data.uwTickPrio
                0x0000000020000004        0x4 Drivers/STM32L4xx_HAL_Driver/stm32l4xx_hal.o
                0x0000000020000004                uwTickPrio
 .data.uwTickFreq
                0x0000000020000008        0x1 Drivers/STM32L4xx_HAL_Driver/stm32l4xx_hal.o
                0x0000000020000008                uwTickFreq
 *fill*         0x0000000020000009        0x7 
 .data.denormalAsZero
                0x0000000020000010        0x8 MATLAB/coder_assumptions_flt.o
                0x0000000020000010                denormalAsZero
 .data.realmin  0x0000000020000018        0x8 MATLAB/coder_assumptions_hwimpl.o
 .data.rt_errorStatus
                0x0000000020000020        0x4 MATLAB/xil_interface.o
 .data.RTModel_ptr
                0x0000000020000024        0x4 MATLAB/xil_interface.o
                0x0000000020000024                RTModel_ptr
 .data.processMsgSuccess
                0x0000000020000028        0x4 MATLAB/xil_interface_lib.o
 .data._impure_ptr
                0x000000002000002c        0x4 d:/stm/stm32cubeide_1.4.0/stm32cubeide/plugins/com.st.stm32cube.ide.mcu.externaltools.gnu-tools-for-stm32.7-2018-q2-update.win32_1.4.0.202007081208/tools/bin/../lib/gcc/arm-none-eabi/7.3.1/../../../../arm-none-eabi/lib/thumb/v7e-m/fpv4-sp/hard\libc_nano.a(lib_a-impure.o)
                0x000000002000002c                _impure_ptr
 .data.impure_data
                0x0000000020000030       0x60 d:/stm/stm32cubeide_1.4.0/stm32cubeide/plugins/com.st.stm32cube.ide.mcu.externaltools.gnu-tools-for-stm32.7-2018-q2-update.win32_1.4.0.202007081208/tools/bin/../lib/gcc/arm-none-eabi/7.3.1/../../../../arm-none-eabi/lib/thumb/v7e-m/fpv4-sp/hard\libc_nano.a(lib_a-impure.o)
 .data.__fdlib_version
                0x0000000020000090        0x1 d:/stm/stm32cubeide_1.4.0/stm32cubeide/plugins/com.st.stm32cube.ide.mcu.externaltools.gnu-tools-for-stm32.7-2018-q2-update.win32_1.4.0.202007081208/tools/bin/../lib/gcc/arm-none-eabi/7.3.1/../../../../arm-none-eabi/lib/thumb/v7e-m/fpv4-sp/hard\libm.a(lib_a-s_lib_ver.o)
                0x0000000020000090                __fdlib_version
 *(.RamFunc)
 *(.RamFunc*)
                0x0000000020000094                . = ALIGN (0x4)
 *fill*         0x0000000020000091        0x3 
                0x0000000020000094                _edata = .

.igot.plt       0x0000000020000094        0x0 load address 0x0000000008009c9c
 .igot.plt      0x0000000020000094        0x0 d:/stm/stm32cubeide_1.4.0/stm32cubeide/plugins/com.st.stm32cube.ide.mcu.externaltools.gnu-tools-for-stm32.7-2018-q2-update.win32_1.4.0.202007081208/tools/bin/../lib/gcc/arm-none-eabi/7.3.1/thumb/v7e-m/fpv4-sp/hard/crtbegin.o
                0x0000000020000094                . = ALIGN (0x4)

.bss            0x0000000020000098      0x4c8 load address 0x0000000008009c9c
                0x0000000020000098                _sbss = .
                0x0000000020000098                __bss_start__ = _sbss
 *(.bss)
 .bss           0x0000000020000098       0x1c d:/stm/stm32cubeide_1.4.0/stm32cubeide/plugins/com.st.stm32cube.ide.mcu.externaltools.gnu-tools-for-stm32.7-2018-q2-update.win32_1.4.0.202007081208/tools/bin/../lib/gcc/arm-none-eabi/7.3.1/thumb/v7e-m/fpv4-sp/hard/crtbegin.o
 *(.bss*)
 .bss.RxCplt    0x00000000200000b4        0x1 MATLAB/STM32SerialRtiostream-Rtiostream.o
 .bss.TxCplt    0x00000000200000b5        0x1 MATLAB/STM32SerialRtiostream-Rtiostream.o
 .bss.pwsEnabled
                0x00000000200000b6        0x1 MATLAB/coder_assumptions_app.o
 *fill*         0x00000000200000b7        0x1 
 .bss.pBuffer   0x00000000200000b8        0x4 MATLAB/coder_assumptions_data_stream.o
 .bss.coderAssumptionsWriteDataPtr
                0x00000000200000bc        0x4 MATLAB/coder_assumptions_data_stream.o
 .bss.coderAssumptionsWriteDataAvail
                0x00000000200000c0        0x2 MATLAB/coder_assumptions_data_stream.o
 *fill*         0x00000000200000c2        0x2 
 .bss.coderAssumpWriteBuffer
                0x00000000200000c4       0x20 MATLAB/coder_assumptions_rtiostream.o
 .bss.pBuffer   0x00000000200000e4        0x4 MATLAB/xil_data_stream.o
 .bss.xilWriteBuffer
                0x00000000200000e8        0x4 MATLAB/xil_data_stream.o
 .bss.xilWriteDataPtr
                0x00000000200000ec        0x4 MATLAB/xil_data_stream.o
 .bss.xilWriteDataAvail
                0x00000000200000f0        0x2 MATLAB/xil_data_stream.o
 *fill*         0x00000000200000f2        0x2 
 .bss.commandResponseType
                0x00000000200000f4        0x4 MATLAB/xil_data_stream.o
 .bss.currentBufSize.6037
                0x00000000200000f8        0x2 MATLAB/xil_data_stream.o
 *fill*         0x00000000200000fa        0x2 
 .bss.currentBufferPosition.6036
                0x00000000200000fc        0x4 MATLAB/xil_data_stream.o
 .bss.rt_errorStatus_tgt_var
                0x0000000020000100        0x4 MATLAB/xil_interface.o
 .bss.xil_fcnid0_task1_output_u
                0x0000000020000104       0x60 MATLAB/xil_interface.o
 .bss.xil_fcnid0_task1_y
                0x0000000020000164       0x20 MATLAB/xil_interface.o
 .bss.xil_fcnid0_init_y
                0x0000000020000184       0x20 MATLAB/xil_interface.o
 .bss.initComplete.6615
                0x00000000200001a4        0x4 MATLAB/xil_interface.o
 .bss.initComplete.6649
                0x00000000200001a8        0x4 MATLAB/xil_interface.o
 .bss.initComplete.6656
                0x00000000200001ac        0x4 MATLAB/xil_interface.o
 .bss.xilIODataPtr
                0x00000000200001b0        0x4 MATLAB/xil_interface_lib.o
 .bss.isShutdownCommand
                0x00000000200001b4        0x4 MATLAB/xil_interface_lib.o
 .bss.serverFcnId
                0x00000000200001b8        0x4 MATLAB/xil_interface_lib.o
 .bss.cc        0x00000000200001bc        0xc MATLAB/xil_interface_lib.o
 .bss.uDataAddress.6067
                0x00000000200001c8        0x4 MATLAB/xil_interface_lib.o
 .bss.uDataLength.6068
                0x00000000200001cc        0x4 MATLAB/xil_interface_lib.o
 .bss.xilWriteBuffer
                0x00000000200001d0       0x80 MATLAB/xil_rtiostream.o
 .bss.streamID  0x0000000020000250        0x4 MATLAB/xilcomms_rtiostream.o
 .bss.xilCommsBuffer
                0x0000000020000254       0x80 MATLAB/xilcomms_rtiostream.o
 *(COMMON)
 COMMON         0x00000000200002d4       0x84 Application/User/main.o
                0x00000000200002d4                huart2
 COMMON         0x0000000020000358       0x4c Application/User/stm32l4xx_hal_timebase_tim.o
                0x0000000020000358                htim2
 COMMON         0x00000000200003a4        0x4 Drivers/STM32L4xx_HAL_Driver/stm32l4xx_hal.o
                0x00000000200003a4                uwTick
 COMMON         0x00000000200003a8       0x70 MATLAB/Model_for_PIL_ca.o
                0x00000000200003a8                CA_Model_for_PIL_PWSRes
                0x00000000200003ac                CA_Model_for_PIL_HWRes
                0x00000000200003d0                CA_Model_for_PIL_ActHW
 COMMON         0x0000000020000418        0x4 MATLAB/coder_assumptions_hwimpl.o
                0x0000000020000418                aGlobalInt
 *fill*         0x000000002000041c        0x4 
 COMMON         0x0000000020000420       0x24 MATLAB/rt_nonfinite.o
                0x0000000020000420                rtNaNF
                0x0000000020000424                rtInfF
                0x0000000020000428                rtInf
                0x0000000020000430                rtNaN
                0x0000000020000438                rtMinusInf
                0x0000000020000440                rtMinusInfF
 *fill*         0x0000000020000444        0x4 
 COMMON         0x0000000020000448      0x118 MATLAB/xil_interface.o
                0x0000000020000448                i_EntryPoint
                0x0000000020000468                i_Curvature
                0x0000000020000470                i_Lw
                0x0000000020000478                i_EndY
                0x0000000020000480                i_detection
                0x0000000020000488                i_SafeX
                0x0000000020000490                o_G
                0x00000000200004a0                i_Reference
                0x00000000200004c0                i_SafeY
                0x00000000200004c8                tgt_var_RTModel
                0x00000000200004d0                i_DetPoint
                0x00000000200004f0                i_Zone
                0x00000000200004f8                o_F
                0x0000000020000538                i_EndX
                0x0000000020000540                o_E
                0x0000000020000560                . = ALIGN (0x4)
                0x0000000020000560                _ebss = .
                0x0000000020000560                __bss_end__ = _ebss

._user_heap_stack
                0x0000000020000560      0x600 load address 0x0000000008009c9c
                0x0000000020000560                . = ALIGN (0x8)
                [!provide]                        PROVIDE (end = .)
                0x0000000020000560                PROVIDE (_end = .)
                0x0000000020000760                . = (. + _Min_Heap_Size)
 *fill*         0x0000000020000560      0x200 
                0x0000000020000b60                . = (. + _Min_Stack_Size)
 *fill*         0x0000000020000760      0x400 
                0x0000000020000b60                . = ALIGN (0x8)

/DISCARD/
 libc.a(*)
 libm.a(*)
 libgcc.a(*)

.ARM.attributes
                0x0000000000000000       0x30
 *(.ARM.attributes)
 .ARM.attributes
                0x0000000000000000       0x22 d:/stm/stm32cubeide_1.4.0/stm32cubeide/plugins/com.st.stm32cube.ide.mcu.externaltools.gnu-tools-for-stm32.7-2018-q2-update.win32_1.4.0.202007081208/tools/bin/../lib/gcc/arm-none-eabi/7.3.1/thumb/v7e-m/fpv4-sp/hard/crti.o
 .ARM.attributes
                0x0000000000000022       0x34 d:/stm/stm32cubeide_1.4.0/stm32cubeide/plugins/com.st.stm32cube.ide.mcu.externaltools.gnu-tools-for-stm32.7-2018-q2-update.win32_1.4.0.202007081208/tools/bin/../lib/gcc/arm-none-eabi/7.3.1/thumb/v7e-m/fpv4-sp/hard/crtbegin.o
 .ARM.attributes
                0x0000000000000056       0x21 Application/Startup/startup_stm32l433rctxp.o
 .ARM.attributes
                0x0000000000000077       0x39 Application/User/main.o
 .ARM.attributes
                0x00000000000000b0       0x39 Application/User/stm32l4xx_hal_msp.o
 .ARM.attributes
                0x00000000000000e9       0x39 Application/User/stm32l4xx_hal_timebase_tim.o
 .ARM.attributes
                0x0000000000000122       0x39 Application/User/stm32l4xx_it.o
 .ARM.attributes
                0x000000000000015b       0x39 Drivers/CMSIS/system_stm32l4xx.o
 .ARM.attributes
                0x0000000000000194       0x39 Drivers/STM32L4xx_HAL_Driver/stm32l4xx_hal.o
 .ARM.attributes
                0x00000000000001cd       0x39 Drivers/STM32L4xx_HAL_Driver/stm32l4xx_hal_cortex.o
 .ARM.attributes
                0x0000000000000206       0x39 Drivers/STM32L4xx_HAL_Driver/stm32l4xx_hal_dma.o
 .ARM.attributes
                0x000000000000023f       0x39 Drivers/STM32L4xx_HAL_Driver/stm32l4xx_hal_gpio.o
 .ARM.attributes
                0x0000000000000278       0x39 Drivers/STM32L4xx_HAL_Driver/stm32l4xx_hal_pwr_ex.o
 .ARM.attributes
                0x00000000000002b1       0x39 Drivers/STM32L4xx_HAL_Driver/stm32l4xx_hal_rcc.o
 .ARM.attributes
                0x00000000000002ea       0x39 Drivers/STM32L4xx_HAL_Driver/stm32l4xx_hal_rcc_ex.o
 .ARM.attributes
                0x0000000000000323       0x39 Drivers/STM32L4xx_HAL_Driver/stm32l4xx_hal_tim.o
 .ARM.attributes
                0x000000000000035c       0x39 Drivers/STM32L4xx_HAL_Driver/stm32l4xx_hal_tim_ex.o
 .ARM.attributes
                0x0000000000000395       0x39 Drivers/STM32L4xx_HAL_Driver/stm32l4xx_hal_uart.o
 .ARM.attributes
                0x00000000000003ce       0x39 Drivers/STM32L4xx_HAL_Driver/stm32l4xx_hal_uart_ex.o
 .ARM.attributes
                0x0000000000000407       0x39 MATLAB/Model_for_PIL.o
 .ARM.attributes
                0x0000000000000440       0x39 MATLAB/Model_for_PIL_ca.o
 .ARM.attributes
                0x0000000000000479       0x39 MATLAB/STM32SerialRtiostream-ProfilerTimer.o
 .ARM.attributes
                0x00000000000004b2       0x39 MATLAB/STM32SerialRtiostream-Rtiostream.o
 .ARM.attributes
                0x00000000000004eb       0x39 MATLAB/coder_assumptions_app.o
 .ARM.attributes
                0x0000000000000524       0x39 MATLAB/coder_assumptions_data_stream.o
 .ARM.attributes
                0x000000000000055d       0x39 MATLAB/coder_assumptions_flt.o
 .ARM.attributes
                0x0000000000000596       0x39 MATLAB/coder_assumptions_hwimpl.o
 .ARM.attributes
                0x00000000000005cf       0x39 MATLAB/coder_assumptions_rtiostream.o
 .ARM.attributes
                0x0000000000000608       0x39 MATLAB/rtGetInf.o
 .ARM.attributes
                0x0000000000000641       0x39 MATLAB/rtGetNaN.o
 .ARM.attributes
                0x000000000000067a       0x39 MATLAB/rt_nonfinite.o
 .ARM.attributes
                0x00000000000006b3       0x39 MATLAB/rtiostream_utils.o
 .ARM.attributes
                0x00000000000006ec       0x39 MATLAB/xil_data_stream.o
 .ARM.attributes
                0x0000000000000725       0x39 MATLAB/xil_interface.o
 .ARM.attributes
                0x000000000000075e       0x39 MATLAB/xil_interface_lib.o
 .ARM.attributes
                0x0000000000000797       0x39 MATLAB/xil_rtiostream.o
 .ARM.attributes
                0x00000000000007d0       0x39 MATLAB/xil_services.o
 .ARM.attributes
                0x0000000000000809       0x39 MATLAB/xilcomms_rtiostream.o
 .ARM.attributes
                0x0000000000000842       0x34 d:/stm/stm32cubeide_1.4.0/stm32cubeide/plugins/com.st.stm32cube.ide.mcu.externaltools.gnu-tools-for-stm32.7-2018-q2-update.win32_1.4.0.202007081208/tools/bin/../lib/gcc/arm-none-eabi/7.3.1/../../../../arm-none-eabi/lib/thumb/v7e-m/fpv4-sp/hard\libc_nano.a(lib_a-errno.o)
 .ARM.attributes
                0x0000000000000876       0x34 d:/stm/stm32cubeide_1.4.0/stm32cubeide/plugins/com.st.stm32cube.ide.mcu.externaltools.gnu-tools-for-stm32.7-2018-q2-update.win32_1.4.0.202007081208/tools/bin/../lib/gcc/arm-none-eabi/7.3.1/../../../../arm-none-eabi/lib/thumb/v7e-m/fpv4-sp/hard\libc_nano.a(lib_a-impure.o)
 .ARM.attributes
                0x00000000000008aa       0x34 d:/stm/stm32cubeide_1.4.0/stm32cubeide/plugins/com.st.stm32cube.ide.mcu.externaltools.gnu-tools-for-stm32.7-2018-q2-update.win32_1.4.0.202007081208/tools/bin/../lib/gcc/arm-none-eabi/7.3.1/../../../../arm-none-eabi/lib/thumb/v7e-m/fpv4-sp/hard\libc_nano.a(lib_a-init.o)
 .ARM.attributes
                0x00000000000008de       0x34 d:/stm/stm32cubeide_1.4.0/stm32cubeide/plugins/com.st.stm32cube.ide.mcu.externaltools.gnu-tools-for-stm32.7-2018-q2-update.win32_1.4.0.202007081208/tools/bin/../lib/gcc/arm-none-eabi/7.3.1/../../../../arm-none-eabi/lib/thumb/v7e-m/fpv4-sp/hard\libc_nano.a(lib_a-memcpy-stub.o)
 .ARM.attributes
                0x0000000000000912       0x34 d:/stm/stm32cubeide_1.4.0/stm32cubeide/plugins/com.st.stm32cube.ide.mcu.externaltools.gnu-tools-for-stm32.7-2018-q2-update.win32_1.4.0.202007081208/tools/bin/../lib/gcc/arm-none-eabi/7.3.1/../../../../arm-none-eabi/lib/thumb/v7e-m/fpv4-sp/hard\libc_nano.a(lib_a-memset.o)
 .ARM.attributes
                0x0000000000000946       0x34 d:/stm/stm32cubeide_1.4.0/stm32cubeide/plugins/com.st.stm32cube.ide.mcu.externaltools.gnu-tools-for-stm32.7-2018-q2-update.win32_1.4.0.202007081208/tools/bin/../lib/gcc/arm-none-eabi/7.3.1/../../../../arm-none-eabi/lib/thumb/v7e-m/fpv4-sp/hard\libm.a(lib_a-s_cos.o)
 .ARM.attributes
                0x000000000000097a       0x34 d:/stm/stm32cubeide_1.4.0/stm32cubeide/plugins/com.st.stm32cube.ide.mcu.externaltools.gnu-tools-for-stm32.7-2018-q2-update.win32_1.4.0.202007081208/tools/bin/../lib/gcc/arm-none-eabi/7.3.1/../../../../arm-none-eabi/lib/thumb/v7e-m/fpv4-sp/hard\libm.a(lib_a-s_floor.o)
 .ARM.attributes
                0x00000000000009ae       0x34 d:/stm/stm32cubeide_1.4.0/stm32cubeide/plugins/com.st.stm32cube.ide.mcu.externaltools.gnu-tools-for-stm32.7-2018-q2-update.win32_1.4.0.202007081208/tools/bin/../lib/gcc/arm-none-eabi/7.3.1/../../../../arm-none-eabi/lib/thumb/v7e-m/fpv4-sp/hard\libm.a(lib_a-s_sin.o)
 .ARM.attributes
                0x00000000000009e2       0x34 d:/stm/stm32cubeide_1.4.0/stm32cubeide/plugins/com.st.stm32cube.ide.mcu.externaltools.gnu-tools-for-stm32.7-2018-q2-update.win32_1.4.0.202007081208/tools/bin/../lib/gcc/arm-none-eabi/7.3.1/../../../../arm-none-eabi/lib/thumb/v7e-m/fpv4-sp/hard\libm.a(lib_a-s_tan.o)
 .ARM.attributes
                0x0000000000000a16       0x34 d:/stm/stm32cubeide_1.4.0/stm32cubeide/plugins/com.st.stm32cube.ide.mcu.externaltools.gnu-tools-for-stm32.7-2018-q2-update.win32_1.4.0.202007081208/tools/bin/../lib/gcc/arm-none-eabi/7.3.1/../../../../arm-none-eabi/lib/thumb/v7e-m/fpv4-sp/hard\libm.a(lib_a-w_fmod.o)
 .ARM.attributes
                0x0000000000000a4a       0x34 d:/stm/stm32cubeide_1.4.0/stm32cubeide/plugins/com.st.stm32cube.ide.mcu.externaltools.gnu-tools-for-stm32.7-2018-q2-update.win32_1.4.0.202007081208/tools/bin/../lib/gcc/arm-none-eabi/7.3.1/../../../../arm-none-eabi/lib/thumb/v7e-m/fpv4-sp/hard\libm.a(lib_a-e_fmod.o)
 .ARM.attributes
                0x0000000000000a7e       0x34 d:/stm/stm32cubeide_1.4.0/stm32cubeide/plugins/com.st.stm32cube.ide.mcu.externaltools.gnu-tools-for-stm32.7-2018-q2-update.win32_1.4.0.202007081208/tools/bin/../lib/gcc/arm-none-eabi/7.3.1/../../../../arm-none-eabi/lib/thumb/v7e-m/fpv4-sp/hard\libm.a(lib_a-e_rem_pio2.o)
 .ARM.attributes
                0x0000000000000ab2       0x34 d:/stm/stm32cubeide_1.4.0/stm32cubeide/plugins/com.st.stm32cube.ide.mcu.externaltools.gnu-tools-for-stm32.7-2018-q2-update.win32_1.4.0.202007081208/tools/bin/../lib/gcc/arm-none-eabi/7.3.1/../../../../arm-none-eabi/lib/thumb/v7e-m/fpv4-sp/hard\libm.a(lib_a-k_cos.o)
 .ARM.attributes
                0x0000000000000ae6       0x34 d:/stm/stm32cubeide_1.4.0/stm32cubeide/plugins/com.st.stm32cube.ide.mcu.externaltools.gnu-tools-for-stm32.7-2018-q2-update.win32_1.4.0.202007081208/tools/bin/../lib/gcc/arm-none-eabi/7.3.1/../../../../arm-none-eabi/lib/thumb/v7e-m/fpv4-sp/hard\libm.a(lib_a-k_rem_pio2.o)
 .ARM.attributes
                0x0000000000000b1a       0x34 d:/stm/stm32cubeide_1.4.0/stm32cubeide/plugins/com.st.stm32cube.ide.mcu.externaltools.gnu-tools-for-stm32.7-2018-q2-update.win32_1.4.0.202007081208/tools/bin/../lib/gcc/arm-none-eabi/7.3.1/../../../../arm-none-eabi/lib/thumb/v7e-m/fpv4-sp/hard\libm.a(lib_a-k_sin.o)
 .ARM.attributes
                0x0000000000000b4e       0x34 d:/stm/stm32cubeide_1.4.0/stm32cubeide/plugins/com.st.stm32cube.ide.mcu.externaltools.gnu-tools-for-stm32.7-2018-q2-update.win32_1.4.0.202007081208/tools/bin/../lib/gcc/arm-none-eabi/7.3.1/../../../../arm-none-eabi/lib/thumb/v7e-m/fpv4-sp/hard\libm.a(lib_a-k_tan.o)
 .ARM.attributes
                0x0000000000000b82       0x34 d:/stm/stm32cubeide_1.4.0/stm32cubeide/plugins/com.st.stm32cube.ide.mcu.externaltools.gnu-tools-for-stm32.7-2018-q2-update.win32_1.4.0.202007081208/tools/bin/../lib/gcc/arm-none-eabi/7.3.1/../../../../arm-none-eabi/lib/thumb/v7e-m/fpv4-sp/hard\libm.a(lib_a-s_fabs.o)
 .ARM.attributes
                0x0000000000000bb6       0x34 d:/stm/stm32cubeide_1.4.0/stm32cubeide/plugins/com.st.stm32cube.ide.mcu.externaltools.gnu-tools-for-stm32.7-2018-q2-update.win32_1.4.0.202007081208/tools/bin/../lib/gcc/arm-none-eabi/7.3.1/../../../../arm-none-eabi/lib/thumb/v7e-m/fpv4-sp/hard\libm.a(lib_a-s_lib_ver.o)
 .ARM.attributes
                0x0000000000000bea       0x34 d:/stm/stm32cubeide_1.4.0/stm32cubeide/plugins/com.st.stm32cube.ide.mcu.externaltools.gnu-tools-for-stm32.7-2018-q2-update.win32_1.4.0.202007081208/tools/bin/../lib/gcc/arm-none-eabi/7.3.1/../../../../arm-none-eabi/lib/thumb/v7e-m/fpv4-sp/hard\libm.a(lib_a-s_matherr.o)
 .ARM.attributes
                0x0000000000000c1e       0x34 d:/stm/stm32cubeide_1.4.0/stm32cubeide/plugins/com.st.stm32cube.ide.mcu.externaltools.gnu-tools-for-stm32.7-2018-q2-update.win32_1.4.0.202007081208/tools/bin/../lib/gcc/arm-none-eabi/7.3.1/../../../../arm-none-eabi/lib/thumb/v7e-m/fpv4-sp/hard\libm.a(lib_a-s_scalbn.o)
 .ARM.attributes
                0x0000000000000c52       0x34 d:/stm/stm32cubeide_1.4.0/stm32cubeide/plugins/com.st.stm32cube.ide.mcu.externaltools.gnu-tools-for-stm32.7-2018-q2-update.win32_1.4.0.202007081208/tools/bin/../lib/gcc/arm-none-eabi/7.3.1/../../../../arm-none-eabi/lib/thumb/v7e-m/fpv4-sp/hard\libm.a(lib_a-s_copysign.o)
 .ARM.attributes
                0x0000000000000c86       0x22 d:/stm/stm32cubeide_1.4.0/stm32cubeide/plugins/com.st.stm32cube.ide.mcu.externaltools.gnu-tools-for-stm32.7-2018-q2-update.win32_1.4.0.202007081208/tools/bin/../lib/gcc/arm-none-eabi/7.3.1/thumb/v7e-m/fpv4-sp/hard\libgcc.a(_arm_addsubdf3.o)
 .ARM.attributes
                0x0000000000000ca8       0x22 d:/stm/stm32cubeide_1.4.0/stm32cubeide/plugins/com.st.stm32cube.ide.mcu.externaltools.gnu-tools-for-stm32.7-2018-q2-update.win32_1.4.0.202007081208/tools/bin/../lib/gcc/arm-none-eabi/7.3.1/thumb/v7e-m/fpv4-sp/hard\libgcc.a(_arm_muldivdf3.o)
 .ARM.attributes
                0x0000000000000cca       0x22 d:/stm/stm32cubeide_1.4.0/stm32cubeide/plugins/com.st.stm32cube.ide.mcu.externaltools.gnu-tools-for-stm32.7-2018-q2-update.win32_1.4.0.202007081208/tools/bin/../lib/gcc/arm-none-eabi/7.3.1/thumb/v7e-m/fpv4-sp/hard\libgcc.a(_arm_cmpdf2.o)
 .ARM.attributes
                0x0000000000000cec       0x22 d:/stm/stm32cubeide_1.4.0/stm32cubeide/plugins/com.st.stm32cube.ide.mcu.externaltools.gnu-tools-for-stm32.7-2018-q2-update.win32_1.4.0.202007081208/tools/bin/../lib/gcc/arm-none-eabi/7.3.1/thumb/v7e-m/fpv4-sp/hard\libgcc.a(_arm_unorddf2.o)
 .ARM.attributes
                0x0000000000000d0e       0x22 d:/stm/stm32cubeide_1.4.0/stm32cubeide/plugins/com.st.stm32cube.ide.mcu.externaltools.gnu-tools-for-stm32.7-2018-q2-update.win32_1.4.0.202007081208/tools/bin/../lib/gcc/arm-none-eabi/7.3.1/thumb/v7e-m/fpv4-sp/hard\libgcc.a(_arm_fixdfsi.o)
 .ARM.attributes
                0x0000000000000d30       0x22 d:/stm/stm32cubeide_1.4.0/stm32cubeide/plugins/com.st.stm32cube.ide.mcu.externaltools.gnu-tools-for-stm32.7-2018-q2-update.win32_1.4.0.202007081208/tools/bin/../lib/gcc/arm-none-eabi/7.3.1/thumb/v7e-m/fpv4-sp/hard\libgcc.a(_arm_truncdfsf2.o)
 .ARM.attributes
                0x0000000000000d52       0x22 d:/stm/stm32cubeide_1.4.0/stm32cubeide/plugins/com.st.stm32cube.ide.mcu.externaltools.gnu-tools-for-stm32.7-2018-q2-update.win32_1.4.0.202007081208/tools/bin/../lib/gcc/arm-none-eabi/7.3.1/thumb/v7e-m/fpv4-sp/hard\libgcc.a(_aeabi_uldivmod.o)
 .ARM.attributes
                0x0000000000000d74       0x34 d:/stm/stm32cubeide_1.4.0/stm32cubeide/plugins/com.st.stm32cube.ide.mcu.externaltools.gnu-tools-for-stm32.7-2018-q2-update.win32_1.4.0.202007081208/tools/bin/../lib/gcc/arm-none-eabi/7.3.1/thumb/v7e-m/fpv4-sp/hard\libgcc.a(_udivmoddi4.o)
 .ARM.attributes
                0x0000000000000da8       0x22 d:/stm/stm32cubeide_1.4.0/stm32cubeide/plugins/com.st.stm32cube.ide.mcu.externaltools.gnu-tools-for-stm32.7-2018-q2-update.win32_1.4.0.202007081208/tools/bin/../lib/gcc/arm-none-eabi/7.3.1/thumb/v7e-m/fpv4-sp/hard\libgcc.a(_dvmd_tls.o)
 .ARM.attributes
                0x0000000000000dca       0x22 d:/stm/stm32cubeide_1.4.0/stm32cubeide/plugins/com.st.stm32cube.ide.mcu.externaltools.gnu-tools-for-stm32.7-2018-q2-update.win32_1.4.0.202007081208/tools/bin/../lib/gcc/arm-none-eabi/7.3.1/thumb/v7e-m/fpv4-sp/hard/crtn.o
OUTPUT(Model_for_PIL.elf elf32-littlearm)

.debug_line     0x0000000000000000    0x13d4d
 .debug_line    0x0000000000000000       0x8f Application/Startup/startup_stm32l433rctxp.o
 .debug_line    0x000000000000008f      0xb0d Application/User/main.o
 .debug_line    0x0000000000000b9c      0x782 Application/User/stm32l4xx_hal_msp.o
 .debug_line    0x000000000000131e      0x77e Application/User/stm32l4xx_hal_timebase_tim.o
 .debug_line    0x0000000000001a9c      0x779 Application/User/stm32l4xx_it.o
 .debug_line    0x0000000000002215      0x773 Drivers/CMSIS/system_stm32l4xx.o
 .debug_line    0x0000000000002988      0x9f0 Drivers/STM32L4xx_HAL_Driver/stm32l4xx_hal.o
 .debug_line    0x0000000000003378      0xa78 Drivers/STM32L4xx_HAL_Driver/stm32l4xx_hal_cortex.o
 .debug_line    0x0000000000003df0      0x973 Drivers/STM32L4xx_HAL_Driver/stm32l4xx_hal_dma.o
 .debug_line    0x0000000000004763      0x8df Drivers/STM32L4xx_HAL_Driver/stm32l4xx_hal_gpio.o
 .debug_line    0x0000000000005042      0xa91 Drivers/STM32L4xx_HAL_Driver/stm32l4xx_hal_pwr_ex.o
 .debug_line    0x0000000000005ad3      0xa75 Drivers/STM32L4xx_HAL_Driver/stm32l4xx_hal_rcc.o
 .debug_line    0x0000000000006548      0xcb3 Drivers/STM32L4xx_HAL_Driver/stm32l4xx_hal_rcc_ex.o
 .debug_line    0x00000000000071fb     0x25df Drivers/STM32L4xx_HAL_Driver/stm32l4xx_hal_tim.o
 .debug_line    0x00000000000097da     0x130b Drivers/STM32L4xx_HAL_Driver/stm32l4xx_hal_tim_ex.o
 .debug_line    0x000000000000aae5     0x1324 Drivers/STM32L4xx_HAL_Driver/stm32l4xx_hal_uart.o
 .debug_line    0x000000000000be09      0x9d6 Drivers/STM32L4xx_HAL_Driver/stm32l4xx_hal_uart_ex.o
 .debug_line    0x000000000000c7df      0x6ba MATLAB/Model_for_PIL.o
 .debug_line    0x000000000000ce99      0x611 MATLAB/Model_for_PIL_ca.o
 .debug_line    0x000000000000d4aa      0x81c MATLAB/STM32SerialRtiostream-ProfilerTimer.o
 .debug_line    0x000000000000dcc6      0xa61 MATLAB/STM32SerialRtiostream-Rtiostream.o
 .debug_line    0x000000000000e727      0xa41 MATLAB/coder_assumptions_app.o
 .debug_line    0x000000000000f168      0x722 MATLAB/coder_assumptions_data_stream.o
 .debug_line    0x000000000000f88a      0x164 MATLAB/coder_assumptions_flt.o
 .debug_line    0x000000000000f9ee      0x7d5 MATLAB/coder_assumptions_hwimpl.o
 .debug_line    0x00000000000101c3      0x6a3 MATLAB/coder_assumptions_rtiostream.o
 .debug_line    0x0000000000010866      0x1f5 MATLAB/rtGetInf.o
 .debug_line    0x0000000000010a5b      0x1ca MATLAB/rtGetNaN.o
 .debug_line    0x0000000000010c25      0x27a MATLAB/rt_nonfinite.o
 .debug_line    0x0000000000010e9f      0x1f5 MATLAB/rtiostream_utils.o
 .debug_line    0x0000000000011094      0x7d3 MATLAB/xil_data_stream.o
 .debug_line    0x0000000000011867      0x7fe MATLAB/xil_interface.o
 .debug_line    0x0000000000012065      0x957 MATLAB/xil_interface_lib.o
 .debug_line    0x00000000000129bc      0x68f MATLAB/xil_rtiostream.o
 .debug_line    0x000000000001304b      0x637 MATLAB/xil_services.o
 .debug_line    0x0000000000013682      0x6cb MATLAB/xilcomms_rtiostream.o

.debug_info     0x0000000000000000    0x1ab44
 .debug_info    0x0000000000000000       0x22 Application/Startup/startup_stm32l433rctxp.o
 .debug_info    0x0000000000000022     0x19cd Application/User/main.o
 .debug_info    0x00000000000019ef      0xd90 Application/User/stm32l4xx_hal_msp.o
 .debug_info    0x000000000000277f      0xd24 Application/User/stm32l4xx_hal_timebase_tim.o
 .debug_info    0x00000000000034a3      0xb9b Application/User/stm32l4xx_it.o
 .debug_info    0x000000000000403e      0x71a Drivers/CMSIS/system_stm32l4xx.o
 .debug_info    0x0000000000004758      0xbd3 Drivers/STM32L4xx_HAL_Driver/stm32l4xx_hal.o
 .debug_info    0x000000000000532b      0xf13 Drivers/STM32L4xx_HAL_Driver/stm32l4xx_hal_cortex.o
 .debug_info    0x000000000000623e      0x8f2 Drivers/STM32L4xx_HAL_Driver/stm32l4xx_hal_dma.o
 .debug_info    0x0000000000006b30      0x9c2 Drivers/STM32L4xx_HAL_Driver/stm32l4xx_hal_gpio.o
 .debug_info    0x00000000000074f2      0xadb Drivers/STM32L4xx_HAL_Driver/stm32l4xx_hal_pwr_ex.o
 .debug_info    0x0000000000007fcd      0xcde Drivers/STM32L4xx_HAL_Driver/stm32l4xx_hal_rcc.o
 .debug_info    0x0000000000008cab     0x1023 Drivers/STM32L4xx_HAL_Driver/stm32l4xx_hal_rcc_ex.o
 .debug_info    0x0000000000009cce     0x2a43 Drivers/STM32L4xx_HAL_Driver/stm32l4xx_hal_tim.o
 .debug_info    0x000000000000c711     0x16ba Drivers/STM32L4xx_HAL_Driver/stm32l4xx_hal_tim_ex.o
 .debug_info    0x000000000000ddcb     0x194e Drivers/STM32L4xx_HAL_Driver/stm32l4xx_hal_uart.o
 .debug_info    0x000000000000f719      0xbab Drivers/STM32L4xx_HAL_Driver/stm32l4xx_hal_uart_ex.o
 .debug_info    0x00000000000102c4      0xaf1 MATLAB/Model_for_PIL.o
 .debug_info    0x0000000000010db5      0x403 MATLAB/Model_for_PIL_ca.o
 .debug_info    0x00000000000111b8      0x88f MATLAB/STM32SerialRtiostream-ProfilerTimer.o
 .debug_info    0x0000000000011a47     0x1198 MATLAB/STM32SerialRtiostream-Rtiostream.o
 .debug_info    0x0000000000012bdf      0xf4d MATLAB/coder_assumptions_app.o
 .debug_info    0x0000000000013b2c      0xa3b MATLAB/coder_assumptions_data_stream.o
 .debug_info    0x0000000000014567       0x50 MATLAB/coder_assumptions_flt.o
 .debug_info    0x00000000000145b7      0x775 MATLAB/coder_assumptions_hwimpl.o
 .debug_info    0x0000000000014d2c      0x9d0 MATLAB/coder_assumptions_rtiostream.o
 .debug_info    0x00000000000156fc      0x292 MATLAB/rtGetInf.o
 .debug_info    0x000000000001598e      0x1fd MATLAB/rtGetNaN.o
 .debug_info    0x0000000000015b8b      0x2e6 MATLAB/rt_nonfinite.o
 .debug_info    0x0000000000015e71      0x1e7 MATLAB/rtiostream_utils.o
 .debug_info    0x0000000000016058      0xba9 MATLAB/xil_data_stream.o
 .debug_info    0x0000000000016c01     0x1286 MATLAB/xil_interface.o
 .debug_info    0x0000000000017e87      0xef0 MATLAB/xil_interface_lib.o
 .debug_info    0x0000000000018d77      0x9db MATLAB/xil_rtiostream.o
 .debug_info    0x0000000000019752      0x93a MATLAB/xil_services.o
 .debug_info    0x000000000001a08c      0xab8 MATLAB/xilcomms_rtiostream.o

.debug_abbrev   0x0000000000000000     0x3d15
 .debug_abbrev  0x0000000000000000       0x12 Application/Startup/startup_stm32l433rctxp.o
 .debug_abbrev  0x0000000000000012      0x26f Application/User/main.o
 .debug_abbrev  0x0000000000000281      0x195 Application/User/stm32l4xx_hal_msp.o
 .debug_abbrev  0x0000000000000416      0x19d Application/User/stm32l4xx_hal_timebase_tim.o
 .debug_abbrev  0x00000000000005b3      0x15a Application/User/stm32l4xx_it.o
 .debug_abbrev  0x000000000000070d      0x147 Drivers/CMSIS/system_stm32l4xx.o
 .debug_abbrev  0x0000000000000854      0x1fb Drivers/STM32L4xx_HAL_Driver/stm32l4xx_hal.o
 .debug_abbrev  0x0000000000000a4f      0x2fa Drivers/STM32L4xx_HAL_Driver/stm32l4xx_hal_cortex.o
 .debug_abbrev  0x0000000000000d49      0x1d9 Drivers/STM32L4xx_HAL_Driver/stm32l4xx_hal_dma.o
 .debug_abbrev  0x0000000000000f22      0x1c0 Drivers/STM32L4xx_HAL_Driver/stm32l4xx_hal_gpio.o
 .debug_abbrev  0x00000000000010e2      0x1cb Drivers/STM32L4xx_HAL_Driver/stm32l4xx_hal_pwr_ex.o
 .debug_abbrev  0x00000000000012ad      0x245 Drivers/STM32L4xx_HAL_Driver/stm32l4xx_hal_rcc.o
 .debug_abbrev  0x00000000000014f2      0x238 Drivers/STM32L4xx_HAL_Driver/stm32l4xx_hal_rcc_ex.o
 .debug_abbrev  0x000000000000172a      0x230 Drivers/STM32L4xx_HAL_Driver/stm32l4xx_hal_tim.o
 .debug_abbrev  0x000000000000195a      0x236 Drivers/STM32L4xx_HAL_Driver/stm32l4xx_hal_tim_ex.o
 .debug_abbrev  0x0000000000001b90      0x215 Drivers/STM32L4xx_HAL_Driver/stm32l4xx_hal_uart.o
 .debug_abbrev  0x0000000000001da5      0x1e2 Drivers/STM32L4xx_HAL_Driver/stm32l4xx_hal_uart_ex.o
 .debug_abbrev  0x0000000000001f87      0x1c8 MATLAB/Model_for_PIL.o
 .debug_abbrev  0x000000000000214f       0xc5 MATLAB/Model_for_PIL_ca.o
 .debug_abbrev  0x0000000000002214      0x16b MATLAB/STM32SerialRtiostream-ProfilerTimer.o
 .debug_abbrev  0x000000000000237f      0x20e MATLAB/STM32SerialRtiostream-Rtiostream.o
 .debug_abbrev  0x000000000000258d      0x218 MATLAB/coder_assumptions_app.o
 .debug_abbrev  0x00000000000027a5      0x1e5 MATLAB/coder_assumptions_data_stream.o
 .debug_abbrev  0x000000000000298a       0x36 MATLAB/coder_assumptions_flt.o
 .debug_abbrev  0x00000000000029c0      0x1b3 MATLAB/coder_assumptions_hwimpl.o
 .debug_abbrev  0x0000000000002b73      0x1d3 MATLAB/coder_assumptions_rtiostream.o
 .debug_abbrev  0x0000000000002d46       0xfa MATLAB/rtGetInf.o
 .debug_abbrev  0x0000000000002e40       0xde MATLAB/rtGetNaN.o
 .debug_abbrev  0x0000000000002f1e      0x114 MATLAB/rt_nonfinite.o
 .debug_abbrev  0x0000000000003032       0x9f MATLAB/rtiostream_utils.o
 .debug_abbrev  0x00000000000030d1      0x1f8 MATLAB/xil_data_stream.o
 .debug_abbrev  0x00000000000032c9      0x28e MATLAB/xil_interface.o
 .debug_abbrev  0x0000000000003557      0x293 MATLAB/xil_interface_lib.o
 .debug_abbrev  0x00000000000037ea      0x1d3 MATLAB/xil_rtiostream.o
 .debug_abbrev  0x00000000000039bd      0x1b9 MATLAB/xil_services.o
 .debug_abbrev  0x0000000000003b76      0x19f MATLAB/xilcomms_rtiostream.o

.debug_aranges  0x0000000000000000     0x13c0
 .debug_aranges
                0x0000000000000000       0x28 Application/Startup/startup_stm32l433rctxp.o
 .debug_aranges
                0x0000000000000028       0x48 Application/User/main.o
 .debug_aranges
                0x0000000000000070       0x30 Application/User/stm32l4xx_hal_msp.o
 .debug_aranges
                0x00000000000000a0       0x30 Application/User/stm32l4xx_hal_timebase_tim.o
 .debug_aranges
                0x00000000000000d0       0x30 Application/User/stm32l4xx_it.o
 .debug_aranges
                0x0000000000000100       0x28 Drivers/CMSIS/system_stm32l4xx.o
 .debug_aranges
                0x0000000000000128      0x130 Drivers/STM32L4xx_HAL_Driver/stm32l4xx_hal.o
 .debug_aranges
                0x0000000000000258      0x118 Drivers/STM32L4xx_HAL_Driver/stm32l4xx_hal_cortex.o
 .debug_aranges
                0x0000000000000370       0x80 Drivers/STM32L4xx_HAL_Driver/stm32l4xx_hal_dma.o
 .debug_aranges
                0x00000000000003f0       0x58 Drivers/STM32L4xx_HAL_Driver/stm32l4xx_hal_gpio.o
 .debug_aranges
                0x0000000000000448      0x128 Drivers/STM32L4xx_HAL_Driver/stm32l4xx_hal_pwr_ex.o
 .debug_aranges
                0x0000000000000570       0x88 Drivers/STM32L4xx_HAL_Driver/stm32l4xx_hal_rcc.o
 .debug_aranges
                0x00000000000005f8       0xf0 Drivers/STM32L4xx_HAL_Driver/stm32l4xx_hal_rcc_ex.o
 .debug_aranges
                0x00000000000006e8      0x3e0 Drivers/STM32L4xx_HAL_Driver/stm32l4xx_hal_tim.o
 .debug_aranges
                0x0000000000000ac8      0x180 Drivers/STM32L4xx_HAL_Driver/stm32l4xx_hal_tim_ex.o